Archive member included to satisfy reference by file (symbol)

c:/program files (x86)/atollic/truestudio for stm32 9.0.1/armtools/bin/../lib/gcc/arm-atollic-eabi/6.3.1/../../../../arm-atollic-eabi/lib/armv7e-m/fpu\libc_nano.a(lib_a-init.o)
                              startup\startup_stm32f407xx.o (__libc_init_array)
c:/program files (x86)/atollic/truestudio for stm32 9.0.1/armtools/bin/../lib/gcc/arm-atollic-eabi/6.3.1/../../../../arm-atollic-eabi/lib/armv7e-m/fpu\libc_nano.a(lib_a-malloc.o)
                              Middlewares\ST\STM32_USB_Host_Library\Class\MSC\Src\usbh_msc.o (malloc)
c:/program files (x86)/atollic/truestudio for stm32 9.0.1/armtools/bin/../lib/gcc/arm-atollic-eabi/6.3.1/../../../../arm-atollic-eabi/lib/armv7e-m/fpu\libc_nano.a(lib_a-memcpy-stub.o)
                              Middlewares\ST\STM32_USB_Host_Library\Class\MSC\Src\usbh_msc.o (memcpy)
c:/program files (x86)/atollic/truestudio for stm32 9.0.1/armtools/bin/../lib/gcc/arm-atollic-eabi/6.3.1/../../../../arm-atollic-eabi/lib/armv7e-m/fpu\libc_nano.a(lib_a-memset.o)
                              Middlewares\ST\STM32_USB_Host_Library\Class\MSC\Src\usbh_msc.o (memset)
c:/program files (x86)/atollic/truestudio for stm32 9.0.1/armtools/bin/../lib/gcc/arm-atollic-eabi/6.3.1/../../../../arm-atollic-eabi/lib/armv7e-m/fpu\libc_nano.a(lib_a-nano-freer.o)
                              c:/program files (x86)/atollic/truestudio for stm32 9.0.1/armtools/bin/../lib/gcc/arm-atollic-eabi/6.3.1/../../../../arm-atollic-eabi/lib/armv7e-m/fpu\libc_nano.a(lib_a-malloc.o) (_free_r)
c:/program files (x86)/atollic/truestudio for stm32 9.0.1/armtools/bin/../lib/gcc/arm-atollic-eabi/6.3.1/../../../../arm-atollic-eabi/lib/armv7e-m/fpu\libc_nano.a(lib_a-nano-mallocr.o)
                              c:/program files (x86)/atollic/truestudio for stm32 9.0.1/armtools/bin/../lib/gcc/arm-atollic-eabi/6.3.1/../../../../arm-atollic-eabi/lib/armv7e-m/fpu\libc_nano.a(lib_a-malloc.o) (_malloc_r)
c:/program files (x86)/atollic/truestudio for stm32 9.0.1/armtools/bin/../lib/gcc/arm-atollic-eabi/6.3.1/../../../../arm-atollic-eabi/lib/armv7e-m/fpu\libc_nano.a(lib_a-sbrkr.o)
                              c:/program files (x86)/atollic/truestudio for stm32 9.0.1/armtools/bin/../lib/gcc/arm-atollic-eabi/6.3.1/../../../../arm-atollic-eabi/lib/armv7e-m/fpu\libc_nano.a(lib_a-nano-mallocr.o) (_sbrk_r)
c:/program files (x86)/atollic/truestudio for stm32 9.0.1/armtools/bin/../lib/gcc/arm-atollic-eabi/6.3.1/../../../../arm-atollic-eabi/lib/armv7e-m/fpu\libc_nano.a(lib_a-impure.o)
                              c:/program files (x86)/atollic/truestudio for stm32 9.0.1/armtools/bin/../lib/gcc/arm-atollic-eabi/6.3.1/../../../../arm-atollic-eabi/lib/armv7e-m/fpu\libc_nano.a(lib_a-malloc.o) (_impure_ptr)
c:/program files (x86)/atollic/truestudio for stm32 9.0.1/armtools/bin/../lib/gcc/arm-atollic-eabi/6.3.1/../../../../arm-atollic-eabi/lib/armv7e-m/fpu\libc_nano.a(lib_a-mlock.o)
                              c:/program files (x86)/atollic/truestudio for stm32 9.0.1/armtools/bin/../lib/gcc/arm-atollic-eabi/6.3.1/../../../../arm-atollic-eabi/lib/armv7e-m/fpu\libc_nano.a(lib_a-nano-freer.o) (__malloc_lock)
c:/program files (x86)/atollic/truestudio for stm32 9.0.1/armtools/bin/../lib/gcc/arm-atollic-eabi/6.3.1/../../../../arm-atollic-eabi/lib/armv7e-m/fpu\libc_nano.a(lib_a-reent.o)
                              c:/program files (x86)/atollic/truestudio for stm32 9.0.1/armtools/bin/../lib/gcc/arm-atollic-eabi/6.3.1/../../../../arm-atollic-eabi/lib/armv7e-m/fpu\libc_nano.a(lib_a-sbrkr.o) (errno)
c:/program files (x86)/atollic/truestudio for stm32 9.0.1/armtools/bin/../lib/gcc/arm-atollic-eabi/6.3.1/armv7e-m/fpu\libgcc.a(_aeabi_uldivmod.o)
                              Drivers\STM32F4xx_HAL_Driver\Src\stm32f4xx_hal_rcc.o (__aeabi_uldivmod)
c:/program files (x86)/atollic/truestudio for stm32 9.0.1/armtools/bin/../lib/gcc/arm-atollic-eabi/6.3.1/armv7e-m/fpu\libgcc.a(_udivmoddi4.o)
                              c:/program files (x86)/atollic/truestudio for stm32 9.0.1/armtools/bin/../lib/gcc/arm-atollic-eabi/6.3.1/armv7e-m/fpu\libgcc.a(_aeabi_uldivmod.o) (__udivmoddi4)
c:/program files (x86)/atollic/truestudio for stm32 9.0.1/armtools/bin/../lib/gcc/arm-atollic-eabi/6.3.1/armv7e-m/fpu\libgcc.a(_dvmd_tls.o)
                              c:/program files (x86)/atollic/truestudio for stm32 9.0.1/armtools/bin/../lib/gcc/arm-atollic-eabi/6.3.1/armv7e-m/fpu\libgcc.a(_aeabi_uldivmod.o) (__aeabi_ldiv0)
c:/program files (x86)/atollic/truestudio for stm32 9.0.1/armtools/bin/../lib/gcc/arm-atollic-eabi/6.3.1/../../../../arm-atollic-eabi/lib/armv7e-m/fpu\libnosys.a(sbrk.o)
                              c:/program files (x86)/atollic/truestudio for stm32 9.0.1/armtools/bin/../lib/gcc/arm-atollic-eabi/6.3.1/../../../../arm-atollic-eabi/lib/armv7e-m/fpu\libc_nano.a(lib_a-sbrkr.o) (_sbrk)

Allocating common symbols
Common symbol       size              file

[...]
Memory Configuration

Name             Origin             Length             Attributes
RAM              0x20000000         0x00020000         xrw
CCMRAM           0x10000000         0x00010000         rw
FLASH            0x08000000         0x00100000         xr
*default*        0x00000000         0xffffffff

Linker script and memory map

LOAD c:/program files (x86)/atollic/truestudio for stm32 9.0.1/armtools/bin/../lib/gcc/arm-atollic-eabi/6.3.1/armv7e-m/fpu/crti.o
LOAD c:/program files (x86)/atollic/truestudio for stm32 9.0.1/armtools/bin/../lib/gcc/arm-atollic-eabi/6.3.1/armv7e-m/fpu/crtbegin.o
LOAD Drivers\STM32F4xx_HAL_Driver\Src\stm32f4xx_hal.o
LOAD Drivers\STM32F4xx_HAL_Driver\Src\stm32f4xx_hal_cortex.o
LOAD Drivers\STM32F4xx_HAL_Driver\Src\stm32f4xx_hal_dma.o
LOAD Drivers\STM32F4xx_HAL_Driver\Src\stm32f4xx_hal_dma_ex.o
LOAD Drivers\STM32F4xx_HAL_Driver\Src\stm32f4xx_hal_flash.o
LOAD Drivers\STM32F4xx_HAL_Driver\Src\stm32f4xx_hal_flash_ex.o
LOAD Drivers\STM32F4xx_HAL_Driver\Src\stm32f4xx_hal_flash_ramfunc.o
LOAD Drivers\STM32F4xx_HAL_Driver\Src\stm32f4xx_hal_gpio.o
LOAD Drivers\STM32F4xx_HAL_Driver\Src\stm32f4xx_hal_hcd.o
LOAD Drivers\STM32F4xx_HAL_Driver\Src\stm32f4xx_hal_i2c.o
LOAD Drivers\STM32F4xx_HAL_Driver\Src\stm32f4xx_hal_i2c_ex.o
LOAD Drivers\STM32F4xx_HAL_Driver\Src\stm32f4xx_hal_i2s.o
LOAD Drivers\STM32F4xx_HAL_Driver\Src\stm32f4xx_hal_i2s_ex.o
LOAD Drivers\STM32F4xx_HAL_Driver\Src\stm32f4xx_hal_pwr.o
LOAD Drivers\STM32F4xx_HAL_Driver\Src\stm32f4xx_hal_pwr_ex.o
LOAD Drivers\STM32F4xx_HAL_Driver\Src\stm32f4xx_hal_rcc.o
LOAD Drivers\STM32F4xx_HAL_Driver\Src\stm32f4xx_hal_rcc_ex.o
LOAD Drivers\STM32F4xx_HAL_Driver\Src\stm32f4xx_hal_spi.o
LOAD Drivers\STM32F4xx_HAL_Driver\Src\stm32f4xx_hal_tim.o
LOAD Drivers\STM32F4xx_HAL_Driver\Src\stm32f4xx_hal_tim_ex.o
LOAD Drivers\STM32F4xx_HAL_Driver\Src\stm32f4xx_ll_usb.o
LOAD Middlewares\ST\STM32_USB_Host_Library\Class\MSC\Src\usbh_msc.o
LOAD Middlewares\ST\STM32_USB_Host_Library\Class\MSC\Src\usbh_msc_bot.o
LOAD Middlewares\ST\STM32_USB_Host_Library\Class\MSC\Src\usbh_msc_scsi.o
LOAD Middlewares\ST\STM32_USB_Host_Library\Core\Src\usbh_core.o
LOAD Middlewares\ST\STM32_USB_Host_Library\Core\Src\usbh_ctlreq.o
LOAD Middlewares\ST\STM32_USB_Host_Library\Core\Src\usbh_ioreq.o
LOAD Middlewares\ST\STM32_USB_Host_Library\Core\Src\usbh_pipes.o
LOAD Middlewares\Third_Party\FatFs\src\diskio.o
LOAD Middlewares\Third_Party\FatFs\src\ff.o
LOAD Middlewares\Third_Party\FatFs\src\ff_gen_drv.o
LOAD Middlewares\Third_Party\FatFs\src\option\ccsbcs.o
LOAD Middlewares\Third_Party\FatFs\src\option\syscall.o
LOAD Src\cs43l22.o
LOAD Src\dma.o
LOAD Src\fatfs.o
LOAD Src\gpio.o
LOAD Src\i2c.o
LOAD Src\main.o
LOAD Src\spi.o
LOAD Src\stm32f4_discovery.o
LOAD Src\stm32f4_discovery_audio.o
LOAD Src\stm32f4xx_hal_msp.o
LOAD Src\stm32f4xx_it.o
LOAD Src\system_stm32f4xx.o
LOAD Src\usb_host.o
LOAD Src\usbh_conf.o
LOAD Src\usbh_diskio.o
LOAD Src\usbh_platform.o
LOAD Src\waveplayer.o
LOAD startup\startup_stm32f407xx.o
                0x00000080                malloc_getpagesize_P = 0x80
START GROUP
LOAD c:/program files (x86)/atollic/truestudio for stm32 9.0.1/armtools/bin/../lib/gcc/arm-atollic-eabi/6.3.1/../../../../arm-atollic-eabi/lib/armv7e-m/fpu\libc_nano.a
LOAD c:/program files (x86)/atollic/truestudio for stm32 9.0.1/armtools/bin/../lib/gcc/arm-atollic-eabi/6.3.1/../../../../arm-atollic-eabi/lib/armv7e-m/fpu\libm.a
END GROUP
START GROUP
LOAD c:/program files (x86)/atollic/truestudio for stm32 9.0.1/armtools/bin/../lib/gcc/arm-atollic-eabi/6.3.1/armv7e-m/fpu\libgcc.a
LOAD c:/program files (x86)/atollic/truestudio for stm32 9.0.1/armtools/bin/../lib/gcc/arm-atollic-eabi/6.3.1/../../../../arm-atollic-eabi/lib/armv7e-m/fpu\libc_nano.a
END GROUP
START GROUP
LOAD c:/program files (x86)/atollic/truestudio for stm32 9.0.1/armtools/bin/../lib/gcc/arm-atollic-eabi/6.3.1/armv7e-m/fpu\libgcc.a
LOAD c:/program files (x86)/atollic/truestudio for stm32 9.0.1/armtools/bin/../lib/gcc/arm-atollic-eabi/6.3.1/../../../../arm-atollic-eabi/lib/armv7e-m/fpu\libc_nano.a
LOAD c:/program files (x86)/atollic/truestudio for stm32 9.0.1/armtools/bin/../lib/gcc/arm-atollic-eabi/6.3.1/../../../../arm-atollic-eabi/lib/armv7e-m/fpu\libnosys.a
END GROUP
START GROUP
LOAD c:/program files (x86)/atollic/truestudio for stm32 9.0.1/armtools/bin/../lib/gcc/arm-atollic-eabi/6.3.1/armv7e-m/fpu\libgcc.a
LOAD c:/program files (x86)/atollic/truestudio for stm32 9.0.1/armtools/bin/../lib/gcc/arm-atollic-eabi/6.3.1/../../../../arm-atollic-eabi/lib/armv7e-m/fpu\libc_nano.a
LOAD c:/program files (x86)/atollic/truestudio for stm32 9.0.1/armtools/bin/../lib/gcc/arm-atollic-eabi/6.3.1/../../../../arm-atollic-eabi/lib/armv7e-m/fpu\libnosys.a
END GROUP
LOAD c:/program files (x86)/atollic/truestudio for stm32 9.0.1/armtools/bin/../lib/gcc/arm-atollic-eabi/6.3.1/armv7e-m/fpu/crtend.o
LOAD c:/program files (x86)/atollic/truestudio for stm32 9.0.1/armtools/bin/../lib/gcc/arm-atollic-eabi/6.3.1/armv7e-m/fpu/crtn.o
                0x20020000                _estack = 0x20020000
                0x00002000                _Min_Heap_Size = 0x2000
                0x00004000                _Min_Stack_Size = 0x4000

.isr_vector     0x08000000      0x188
                0x08000000                . = ALIGN (0x4)
 *(.isr_vector)
 .isr_vector    0x08000000      0x188 startup\startup_stm32f407xx.o
                0x08000000                g_pfnVectors
                0x08000188                . = ALIGN (0x4)

.text           0x08000188     0xe6d8
                0x08000188                . = ALIGN (0x4)
 *(.text)
 .text          0x08000188       0x40 c:/program files (x86)/atollic/truestudio for stm32 9.0.1/armtools/bin/../lib/gcc/arm-atollic-eabi/6.3.1/armv7e-m/fpu/crtbegin.o
 .text          0x080001c8       0x30 c:/program files (x86)/atollic/truestudio for stm32 9.0.1/armtools/bin/../lib/gcc/arm-atollic-eabi/6.3.1/armv7e-m/fpu\libgcc.a(_aeabi_uldivmod.o)
                0x080001c8                __aeabi_uldivmod
 .text          0x080001f8      0x2dc c:/program files (x86)/atollic/truestudio for stm32 9.0.1/armtools/bin/../lib/gcc/arm-atollic-eabi/6.3.1/armv7e-m/fpu\libgcc.a(_udivmoddi4.o)
                0x080001f8                __udivmoddi4
 .text          0x080004d4        0x4 c:/program files (x86)/atollic/truestudio for stm32 9.0.1/armtools/bin/../lib/gcc/arm-atollic-eabi/6.3.1/armv7e-m/fpu\libgcc.a(_dvmd_tls.o)
                0x080004d4                __aeabi_idiv0
                0x080004d4                __aeabi_ldiv0
 *(.text*)
 .text.HAL_Init
                0x080004d8       0x44 Drivers\STM32F4xx_HAL_Driver\Src\stm32f4xx_hal.o
                0x080004d8                HAL_Init
 .text.HAL_InitTick
                0x0800051c       0x60 Drivers\STM32F4xx_HAL_Driver\Src\stm32f4xx_hal.o
                0x0800051c                HAL_InitTick
 .text.HAL_IncTick
                0x0800057c       0x28 Drivers\STM32F4xx_HAL_Driver\Src\stm32f4xx_hal.o
                0x0800057c                HAL_IncTick
 .text.HAL_GetTick
                0x080005a4       0x18 Drivers\STM32F4xx_HAL_Driver\Src\stm32f4xx_hal.o
                0x080005a4                HAL_GetTick
 .text.HAL_Delay
                0x080005bc       0x44 Drivers\STM32F4xx_HAL_Driver\Src\stm32f4xx_hal.o
                0x080005bc                HAL_Delay
 .text.NVIC_SetPriorityGrouping
                0x08000600       0x48 Drivers\STM32F4xx_HAL_Driver\Src\stm32f4xx_hal_cortex.o
 .text.NVIC_GetPriorityGrouping
                0x08000648       0x1c Drivers\STM32F4xx_HAL_Driver\Src\stm32f4xx_hal_cortex.o
 .text.NVIC_EnableIRQ
                0x08000664       0x34 Drivers\STM32F4xx_HAL_Driver\Src\stm32f4xx_hal_cortex.o
 .text.NVIC_SetPriority
                0x08000698       0x54 Drivers\STM32F4xx_HAL_Driver\Src\stm32f4xx_hal_cortex.o
 .text.NVIC_EncodePriority
                0x080006ec       0x62 Drivers\STM32F4xx_HAL_Driver\Src\stm32f4xx_hal_cortex.o
 *fill*         0x0800074e        0x2 
 .text.SysTick_Config
                0x08000750       0x44 Drivers\STM32F4xx_HAL_Driver\Src\stm32f4xx_hal_cortex.o
 .text.HAL_NVIC_SetPriorityGrouping
                0x08000794       0x16 Drivers\STM32F4xx_HAL_Driver\Src\stm32f4xx_hal_cortex.o
                0x08000794                HAL_NVIC_SetPriorityGrouping
 .text.HAL_NVIC_SetPriority
                0x080007aa       0x38 Drivers\STM32F4xx_HAL_Driver\Src\stm32f4xx_hal_cortex.o
                0x080007aa                HAL_NVIC_SetPriority
 .text.HAL_NVIC_EnableIRQ
                0x080007e2       0x1c Drivers\STM32F4xx_HAL_Driver\Src\stm32f4xx_hal_cortex.o
                0x080007e2                HAL_NVIC_EnableIRQ
 .text.HAL_SYSTICK_Config
                0x080007fe       0x18 Drivers\STM32F4xx_HAL_Driver\Src\stm32f4xx_hal_cortex.o
                0x080007fe                HAL_SYSTICK_Config
 *fill*         0x08000816        0x2 
 .text.HAL_SYSTICK_CLKSourceConfig
                0x08000818       0x38 Drivers\STM32F4xx_HAL_Driver\Src\stm32f4xx_hal_cortex.o
                0x08000818                HAL_SYSTICK_CLKSourceConfig
 .text.HAL_SYSTICK_IRQHandler
                0x08000850        0xc Drivers\STM32F4xx_HAL_Driver\Src\stm32f4xx_hal_cortex.o
                0x08000850                HAL_SYSTICK_IRQHandler
 .text.HAL_SYSTICK_Callback
                0x0800085c        0xe Drivers\STM32F4xx_HAL_Driver\Src\stm32f4xx_hal_cortex.o
                0x0800085c                HAL_SYSTICK_Callback
 *fill*         0x0800086a        0x2 
 .text.HAL_DMA_Init
                0x0800086c      0x15c Drivers\STM32F4xx_HAL_Driver\Src\stm32f4xx_hal_dma.o
                0x0800086c                HAL_DMA_Init
 .text.HAL_DMA_DeInit
                0x080009c8       0x98 Drivers\STM32F4xx_HAL_Driver\Src\stm32f4xx_hal_dma.o
                0x080009c8                HAL_DMA_DeInit
 .text.HAL_DMA_Start_IT
                0x08000a60       0xc0 Drivers\STM32F4xx_HAL_Driver\Src\stm32f4xx_hal_dma.o
                0x08000a60                HAL_DMA_Start_IT
 .text.HAL_DMA_Abort
                0x08000b20       0xe0 Drivers\STM32F4xx_HAL_Driver\Src\stm32f4xx_hal_dma.o
                0x08000b20                HAL_DMA_Abort
 .text.HAL_DMA_IRQHandler
                0x08000c00      0x314 Drivers\STM32F4xx_HAL_Driver\Src\stm32f4xx_hal_dma.o
                0x08000c00                HAL_DMA_IRQHandler
 .text.DMA_SetConfig
                0x08000f14       0x5c Drivers\STM32F4xx_HAL_Driver\Src\stm32f4xx_hal_dma.o
 .text.DMA_CalcBaseAndBitshift
                0x08000f70       0x6c Drivers\STM32F4xx_HAL_Driver\Src\stm32f4xx_hal_dma.o
 .text.DMA_CheckFifoParam
                0x08000fdc       0xf4 Drivers\STM32F4xx_HAL_Driver\Src\stm32f4xx_hal_dma.o
 .text.HAL_GPIO_Init
                0x080010d0      0x334 Drivers\STM32F4xx_HAL_Driver\Src\stm32f4xx_hal_gpio.o
                0x080010d0                HAL_GPIO_Init
 .text.HAL_GPIO_DeInit
                0x08001404      0x1f8 Drivers\STM32F4xx_HAL_Driver\Src\stm32f4xx_hal_gpio.o
                0x08001404                HAL_GPIO_DeInit
 .text.HAL_GPIO_WritePin
                0x080015fc       0x32 Drivers\STM32F4xx_HAL_Driver\Src\stm32f4xx_hal_gpio.o
                0x080015fc                HAL_GPIO_WritePin
 *fill*         0x0800162e        0x2 
 .text.HAL_GPIO_EXTI_IRQHandler
                0x08001630       0x30 Drivers\STM32F4xx_HAL_Driver\Src\stm32f4xx_hal_gpio.o
                0x08001630                HAL_GPIO_EXTI_IRQHandler
 .text.HAL_HCD_Init
                0x08001660       0x98 Drivers\STM32F4xx_HAL_Driver\Src\stm32f4xx_hal_hcd.o
                0x08001660                HAL_HCD_Init
 .text.HAL_HCD_HC_Init
                0x080016f8      0x10e Drivers\STM32F4xx_HAL_Driver\Src\stm32f4xx_hal_hcd.o
                0x080016f8                HAL_HCD_HC_Init
 .text.HAL_HCD_HC_Halt
                0x08001806       0x46 Drivers\STM32F4xx_HAL_Driver\Src\stm32f4xx_hal_hcd.o
                0x08001806                HAL_HCD_HC_Halt
 .text.HAL_HCD_HC_SubmitRequest
                0x0800184c      0x324 Drivers\STM32F4xx_HAL_Driver\Src\stm32f4xx_hal_hcd.o
                0x0800184c                HAL_HCD_HC_SubmitRequest
 .text.HAL_HCD_IRQHandler
                0x08001b70      0x200 Drivers\STM32F4xx_HAL_Driver\Src\stm32f4xx_hal_hcd.o
                0x08001b70                HAL_HCD_IRQHandler
 .text.HAL_HCD_Start
                0x08001d70       0x46 Drivers\STM32F4xx_HAL_Driver\Src\stm32f4xx_hal_hcd.o
                0x08001d70                HAL_HCD_Start
 .text.HAL_HCD_Stop
                0x08001db6       0x3a Drivers\STM32F4xx_HAL_Driver\Src\stm32f4xx_hal_hcd.o
                0x08001db6                HAL_HCD_Stop
 .text.HAL_HCD_ResetPort
                0x08001df0       0x1c Drivers\STM32F4xx_HAL_Driver\Src\stm32f4xx_hal_hcd.o
                0x08001df0                HAL_HCD_ResetPort
 .text.HAL_HCD_HC_GetURBState
                0x08001e0c       0x2a Drivers\STM32F4xx_HAL_Driver\Src\stm32f4xx_hal_hcd.o
                0x08001e0c                HAL_HCD_HC_GetURBState
 .text.HAL_HCD_HC_GetXferCount
                0x08001e36       0x2a Drivers\STM32F4xx_HAL_Driver\Src\stm32f4xx_hal_hcd.o
                0x08001e36                HAL_HCD_HC_GetXferCount
 .text.HAL_HCD_GetCurrentFrame
                0x08001e60       0x1c Drivers\STM32F4xx_HAL_Driver\Src\stm32f4xx_hal_hcd.o
                0x08001e60                HAL_HCD_GetCurrentFrame
 .text.HAL_HCD_GetCurrentSpeed
                0x08001e7c       0x1c Drivers\STM32F4xx_HAL_Driver\Src\stm32f4xx_hal_hcd.o
                0x08001e7c                HAL_HCD_GetCurrentSpeed
 .text.HCD_HC_IN_IRQHandler
                0x08001e98      0x680 Drivers\STM32F4xx_HAL_Driver\Src\stm32f4xx_hal_hcd.o
 .text.HCD_HC_OUT_IRQHandler
                0x08002518      0x642 Drivers\STM32F4xx_HAL_Driver\Src\stm32f4xx_hal_hcd.o
 *fill*         0x08002b5a        0x2 
 .text.HCD_RXQLVL_IRQHandler
                0x08002b5c      0x164 Drivers\STM32F4xx_HAL_Driver\Src\stm32f4xx_hal_hcd.o
 .text.HCD_Port_IRQHandler
                0x08002cc0      0x112 Drivers\STM32F4xx_HAL_Driver\Src\stm32f4xx_hal_hcd.o
 *fill*         0x08002dd2        0x2 
 .text.HAL_I2C_Init
                0x08002dd4      0x1c0 Drivers\STM32F4xx_HAL_Driver\Src\stm32f4xx_hal_i2c.o
                0x08002dd4                HAL_I2C_Init
 .text.HAL_I2C_DeInit
                0x08002f94       0x5e Drivers\STM32F4xx_HAL_Driver\Src\stm32f4xx_hal_i2c.o
                0x08002f94                HAL_I2C_DeInit
 *fill*         0x08002ff2        0x2 
 .text.HAL_I2C_Mem_Write
                0x08002ff4      0x214 Drivers\STM32F4xx_HAL_Driver\Src\stm32f4xx_hal_i2c.o
                0x08002ff4                HAL_I2C_Mem_Write
 .text.HAL_I2C_Mem_Read
                0x08003208      0x464 Drivers\STM32F4xx_HAL_Driver\Src\stm32f4xx_hal_i2c.o
                0x08003208                HAL_I2C_Mem_Read
 .text.HAL_I2C_GetState
                0x0800366c       0x1c Drivers\STM32F4xx_HAL_Driver\Src\stm32f4xx_hal_i2c.o
                0x0800366c                HAL_I2C_GetState
 .text.I2C_RequestMemoryWrite
                0x08003688      0x124 Drivers\STM32F4xx_HAL_Driver\Src\stm32f4xx_hal_i2c.o
 .text.I2C_RequestMemoryRead
                0x080037ac      0x1c4 Drivers\STM32F4xx_HAL_Driver\Src\stm32f4xx_hal_i2c.o
 .text.I2C_WaitOnFlagUntilTimeout
                0x08003970       0xa2 Drivers\STM32F4xx_HAL_Driver\Src\stm32f4xx_hal_i2c.o
 .text.I2C_WaitOnMasterAddressFlagUntilTimeout
                0x08003a12       0xdc Drivers\STM32F4xx_HAL_Driver\Src\stm32f4xx_hal_i2c.o
 .text.I2C_WaitOnTXEFlagUntilTimeout
                0x08003aee       0x7a Drivers\STM32F4xx_HAL_Driver\Src\stm32f4xx_hal_i2c.o
 .text.I2C_WaitOnBTFFlagUntilTimeout
                0x08003b68       0x7a Drivers\STM32F4xx_HAL_Driver\Src\stm32f4xx_hal_i2c.o
 .text.I2C_WaitOnRXNEFlagUntilTimeout
                0x08003be2       0x94 Drivers\STM32F4xx_HAL_Driver\Src\stm32f4xx_hal_i2c.o
 .text.I2C_IsAcknowledgeFailed
                0x08003c76       0x50 Drivers\STM32F4xx_HAL_Driver\Src\stm32f4xx_hal_i2c.o
 *fill*         0x08003cc6        0x2 
 .text.HAL_I2S_Init
                0x08003cc8      0x2a0 Drivers\STM32F4xx_HAL_Driver\Src\stm32f4xx_hal_i2s.o
                0x08003cc8                HAL_I2S_Init
 .text.HAL_I2S_MspInit
                0x08003f68       0x14 Drivers\STM32F4xx_HAL_Driver\Src\stm32f4xx_hal_i2s.o
                0x08003f68                HAL_I2S_MspInit
 .text.HAL_I2S_Transmit_DMA
                0x08003f7c      0x130 Drivers\STM32F4xx_HAL_Driver\Src\stm32f4xx_hal_i2s.o
                0x08003f7c                HAL_I2S_Transmit_DMA
 .text.HAL_I2S_DMAStop
                0x080040ac      0x12c Drivers\STM32F4xx_HAL_Driver\Src\stm32f4xx_hal_i2s.o
                0x080040ac                HAL_I2S_DMAStop
 .text.HAL_I2S_GetState
                0x080041d8       0x1c Drivers\STM32F4xx_HAL_Driver\Src\stm32f4xx_hal_i2s.o
                0x080041d8                HAL_I2S_GetState
 .text.I2S_DMATxCplt
                0x080041f4       0x48 Drivers\STM32F4xx_HAL_Driver\Src\stm32f4xx_hal_i2s.o
 .text.I2S_DMATxHalfCplt
                0x0800423c       0x1c Drivers\STM32F4xx_HAL_Driver\Src\stm32f4xx_hal_i2s.o
 .text.I2S_DMAError
                0x08004258       0x4c Drivers\STM32F4xx_HAL_Driver\Src\stm32f4xx_hal_i2s.o
 .text.I2S_Transmit_IT
                0x080042a4       0x5a Drivers\STM32F4xx_HAL_Driver\Src\stm32f4xx_hal_i2s.o
 .text.I2S_Receive_IT
                0x080042fe       0x5c Drivers\STM32F4xx_HAL_Driver\Src\stm32f4xx_hal_i2s.o
 .text.I2S_IRQHandler
                0x0800435a      0x118 Drivers\STM32F4xx_HAL_Driver\Src\stm32f4xx_hal_i2s.o
 *fill*         0x08004472        0x2 
 .text.HAL_I2SEx_FullDuplex_IRQHandler
                0x08004474      0x308 Drivers\STM32F4xx_HAL_Driver\Src\stm32f4xx_hal_i2s_ex.o
                0x08004474                HAL_I2SEx_FullDuplex_IRQHandler
 .text.HAL_I2SEx_TxRxCpltCallback
                0x0800477c       0x14 Drivers\STM32F4xx_HAL_Driver\Src\stm32f4xx_hal_i2s_ex.o
                0x0800477c                HAL_I2SEx_TxRxCpltCallback
 .text.I2SEx_FullDuplexTx_IT
                0x08004790       0xf4 Drivers\STM32F4xx_HAL_Driver\Src\stm32f4xx_hal_i2s_ex.o
 .text.I2SEx_FullDuplexRx_IT
                0x08004884       0xf8 Drivers\STM32F4xx_HAL_Driver\Src\stm32f4xx_hal_i2s_ex.o
 .text.HAL_RCC_OscConfig
                0x0800497c      0x484 Drivers\STM32F4xx_HAL_Driver\Src\stm32f4xx_hal_rcc.o
                0x0800497c                HAL_RCC_OscConfig
 .text.HAL_RCC_ClockConfig
                0x08004e00      0x1c4 Drivers\STM32F4xx_HAL_Driver\Src\stm32f4xx_hal_rcc.o
                0x08004e00                HAL_RCC_ClockConfig
 .text.HAL_RCC_GetSysClockFreq
                0x08004fc4      0x1b0 Drivers\STM32F4xx_HAL_Driver\Src\stm32f4xx_hal_rcc.o
                0x08004fc4                HAL_RCC_GetSysClockFreq
 .text.HAL_RCC_GetHCLKFreq
                0x08005174       0x18 Drivers\STM32F4xx_HAL_Driver\Src\stm32f4xx_hal_rcc.o
                0x08005174                HAL_RCC_GetHCLKFreq
 .text.HAL_RCC_GetPCLK1Freq
                0x0800518c       0x28 Drivers\STM32F4xx_HAL_Driver\Src\stm32f4xx_hal_rcc.o
                0x0800518c                HAL_RCC_GetPCLK1Freq
 .text.HAL_RCCEx_PeriphCLKConfig
                0x080051b4      0x1c4 Drivers\STM32F4xx_HAL_Driver\Src\stm32f4xx_hal_rcc_ex.o
                0x080051b4                HAL_RCCEx_PeriphCLKConfig
 .text.HAL_RCCEx_GetPeriphCLKConfig
                0x08005378       0x58 Drivers\STM32F4xx_HAL_Driver\Src\stm32f4xx_hal_rcc_ex.o
                0x08005378                HAL_RCCEx_GetPeriphCLKConfig
 .text.HAL_RCCEx_GetPeriphCLKFreq
                0x080053d0       0xb8 Drivers\STM32F4xx_HAL_Driver\Src\stm32f4xx_hal_rcc_ex.o
                0x080053d0                HAL_RCCEx_GetPeriphCLKFreq
 .text.HAL_SPI_Init
                0x08005488       0xc6 Drivers\STM32F4xx_HAL_Driver\Src\stm32f4xx_hal_spi.o
                0x08005488                HAL_SPI_Init
 .text.USB_CoreInit
                0x0800554e       0xa2 Drivers\STM32F4xx_HAL_Driver\Src\stm32f4xx_ll_usb.o
                0x0800554e                USB_CoreInit
 .text.USB_EnableGlobalInt
                0x080055f0       0x22 Drivers\STM32F4xx_HAL_Driver\Src\stm32f4xx_ll_usb.o
                0x080055f0                USB_EnableGlobalInt
 .text.USB_DisableGlobalInt
                0x08005612       0x22 Drivers\STM32F4xx_HAL_Driver\Src\stm32f4xx_ll_usb.o
                0x08005612                USB_DisableGlobalInt
 .text.USB_SetCurrentMode
                0x08005634       0x4e Drivers\STM32F4xx_HAL_Driver\Src\stm32f4xx_ll_usb.o
                0x08005634                USB_SetCurrentMode
 *fill*         0x08005682        0x2 
 .text.USB_FlushTxFifo
                0x08005684       0x4c Drivers\STM32F4xx_HAL_Driver\Src\stm32f4xx_ll_usb.o
                0x08005684                USB_FlushTxFifo
 .text.USB_FlushRxFifo
                0x080056d0       0x44 Drivers\STM32F4xx_HAL_Driver\Src\stm32f4xx_ll_usb.o
                0x080056d0                USB_FlushRxFifo
 .text.USB_WritePacket
                0x08005714       0x6a Drivers\STM32F4xx_HAL_Driver\Src\stm32f4xx_ll_usb.o
                0x08005714                USB_WritePacket
 .text.USB_ReadPacket
                0x0800577e       0x4e Drivers\STM32F4xx_HAL_Driver\Src\stm32f4xx_ll_usb.o
                0x0800577e                USB_ReadPacket
 .text.USB_ReadInterrupts
                0x080057cc       0x2a Drivers\STM32F4xx_HAL_Driver\Src\stm32f4xx_ll_usb.o
                0x080057cc                USB_ReadInterrupts
 .text.USB_GetMode
                0x080057f6       0x1c Drivers\STM32F4xx_HAL_Driver\Src\stm32f4xx_ll_usb.o
                0x080057f6                USB_GetMode
 *fill*         0x08005812        0x2 
 .text.USB_CoreReset
                0x08005814       0x68 Drivers\STM32F4xx_HAL_Driver\Src\stm32f4xx_ll_usb.o
 .text.USB_HostInit
                0x0800587c      0x158 Drivers\STM32F4xx_HAL_Driver\Src\stm32f4xx_ll_usb.o
                0x0800587c                USB_HostInit
 .text.USB_InitFSLSPClkSel
                0x080059d4       0x74 Drivers\STM32F4xx_HAL_Driver\Src\stm32f4xx_ll_usb.o
                0x080059d4                USB_InitFSLSPClkSel
 .text.USB_ResetPort
                0x08005a48       0x4a Drivers\STM32F4xx_HAL_Driver\Src\stm32f4xx_ll_usb.o
                0x08005a48                USB_ResetPort
 .text.USB_DriveVbus
                0x08005a92       0x6e Drivers\STM32F4xx_HAL_Driver\Src\stm32f4xx_ll_usb.o
                0x08005a92                USB_DriveVbus
 .text.USB_GetHostSpeed
                0x08005b00       0x26 Drivers\STM32F4xx_HAL_Driver\Src\stm32f4xx_ll_usb.o
                0x08005b00                USB_GetHostSpeed
 .text.USB_GetCurrentFrame
                0x08005b26       0x1e Drivers\STM32F4xx_HAL_Driver\Src\stm32f4xx_ll_usb.o
                0x08005b26                USB_GetCurrentFrame
 .text.USB_HC_Init
                0x08005b44      0x1f8 Drivers\STM32F4xx_HAL_Driver\Src\stm32f4xx_ll_usb.o
                0x08005b44                USB_HC_Init
 .text.USB_HC_StartXfer
                0x08005d3c      0x27c Drivers\STM32F4xx_HAL_Driver\Src\stm32f4xx_ll_usb.o
                0x08005d3c                USB_HC_StartXfer
 .text.USB_HC_ReadInterrupt
                0x08005fb8       0x1e Drivers\STM32F4xx_HAL_Driver\Src\stm32f4xx_ll_usb.o
                0x08005fb8                USB_HC_ReadInterrupt
 .text.USB_HC_Halt
                0x08005fd6      0x1d2 Drivers\STM32F4xx_HAL_Driver\Src\stm32f4xx_ll_usb.o
                0x08005fd6                USB_HC_Halt
 .text.USB_DoPing
                0x080061a8       0x78 Drivers\STM32F4xx_HAL_Driver\Src\stm32f4xx_ll_usb.o
                0x080061a8                USB_DoPing
 .text.USB_StopHost
                0x08006220      0x108 Drivers\STM32F4xx_HAL_Driver\Src\stm32f4xx_ll_usb.o
                0x08006220                USB_StopHost
 .text.USBH_MSC_InterfaceInit
                0x08006328      0x254 Middlewares\ST\STM32_USB_Host_Library\Class\MSC\Src\usbh_msc.o
 .text.USBH_MSC_InterfaceDeInit
                0x0800657c       0x8c Middlewares\ST\STM32_USB_Host_Library\Class\MSC\Src\usbh_msc.o
 .text.USBH_MSC_ClassRequest
                0x08006608       0xbe Middlewares\ST\STM32_USB_Host_Library\Class\MSC\Src\usbh_msc.o
 *fill*         0x080066c6        0x2 
 .text.USBH_MSC_Process
                0x080066c8      0x51c Middlewares\ST\STM32_USB_Host_Library\Class\MSC\Src\usbh_msc.o
 .text.USBH_MSC_SOFProcess
                0x08006be4       0x16 Middlewares\ST\STM32_USB_Host_Library\Class\MSC\Src\usbh_msc.o
 .text.USBH_MSC_RdWrProcess
                0x08006bfa      0x194 Middlewares\ST\STM32_USB_Host_Library\Class\MSC\Src\usbh_msc.o
 .text.USBH_MSC_UnitIsReady
                0x08006d8e       0x4a Middlewares\ST\STM32_USB_Host_Library\Class\MSC\Src\usbh_msc.o
                0x08006d8e                USBH_MSC_UnitIsReady
 .text.USBH_MSC_GetLUNInfo
                0x08006dd8       0x48 Middlewares\ST\STM32_USB_Host_Library\Class\MSC\Src\usbh_msc.o
                0x08006dd8                USBH_MSC_GetLUNInfo
 .text.USBH_MSC_Read
                0x08006e20       0xd2 Middlewares\ST\STM32_USB_Host_Library\Class\MSC\Src\usbh_msc.o
                0x08006e20                USBH_MSC_Read
 .text.USBH_MSC_Write
                0x08006ef2       0xd2 Middlewares\ST\STM32_USB_Host_Library\Class\MSC\Src\usbh_msc.o
                0x08006ef2                USBH_MSC_Write
 .text.USBH_MSC_BOT_REQ_Reset
                0x08006fc4       0x3a Middlewares\ST\STM32_USB_Host_Library\Class\MSC\Src\usbh_msc_bot.o
                0x08006fc4                USBH_MSC_BOT_REQ_Reset
 .text.USBH_MSC_BOT_REQ_GetMaxLUN
                0x08006ffe       0x3c Middlewares\ST\STM32_USB_Host_Library\Class\MSC\Src\usbh_msc_bot.o
                0x08006ffe                USBH_MSC_BOT_REQ_GetMaxLUN
 *fill*         0x0800703a        0x2 
 .text.USBH_MSC_BOT_Init
                0x0800703c       0x44 Middlewares\ST\STM32_USB_Host_Library\Class\MSC\Src\usbh_msc_bot.o
                0x0800703c                USBH_MSC_BOT_Init
 .text.USBH_MSC_BOT_Process
                0x08007080      0x3a4 Middlewares\ST\STM32_USB_Host_Library\Class\MSC\Src\usbh_msc_bot.o
                0x08007080                USBH_MSC_BOT_Process
 .text.USBH_MSC_BOT_Abort
                0x08007424       0x58 Middlewares\ST\STM32_USB_Host_Library\Class\MSC\Src\usbh_msc_bot.o
 .text.USBH_MSC_DecodeCSW
                0x0800747c       0x88 Middlewares\ST\STM32_USB_Host_Library\Class\MSC\Src\usbh_msc_bot.o
 .text.USBH_MSC_SCSI_TestUnitReady
                0x08007504       0x86 Middlewares\ST\STM32_USB_Host_Library\Class\MSC\Src\usbh_msc_scsi.o
                0x08007504                USBH_MSC_SCSI_TestUnitReady
 .text.USBH_MSC_SCSI_ReadCapacity
                0x0800758a       0xf8 Middlewares\ST\STM32_USB_Host_Library\Class\MSC\Src\usbh_msc_scsi.o
                0x0800758a                USBH_MSC_SCSI_ReadCapacity
 .text.USBH_MSC_SCSI_Inquiry
                0x08007682      0x144 Middlewares\ST\STM32_USB_Host_Library\Class\MSC\Src\usbh_msc_scsi.o
                0x08007682                USBH_MSC_SCSI_Inquiry
 .text.USBH_MSC_SCSI_RequestSense
                0x080077c6       0xf2 Middlewares\ST\STM32_USB_Host_Library\Class\MSC\Src\usbh_msc_scsi.o
                0x080077c6                USBH_MSC_SCSI_RequestSense
 .text.USBH_MSC_SCSI_Write
                0x080078b8       0xcc Middlewares\ST\STM32_USB_Host_Library\Class\MSC\Src\usbh_msc_scsi.o
                0x080078b8                USBH_MSC_SCSI_Write
 .text.USBH_MSC_SCSI_Read
                0x08007984       0xcc Middlewares\ST\STM32_USB_Host_Library\Class\MSC\Src\usbh_msc_scsi.o
                0x08007984                USBH_MSC_SCSI_Read
 .text.USBH_Init
                0x08007a50       0x54 Middlewares\ST\STM32_USB_Host_Library\Core\Src\usbh_core.o
                0x08007a50                USBH_Init
 .text.DeInitStateMachine
                0x08007aa4       0x94 Middlewares\ST\STM32_USB_Host_Library\Core\Src\usbh_core.o
 .text.USBH_RegisterClass
                0x08007b38       0x54 Middlewares\ST\STM32_USB_Host_Library\Core\Src\usbh_core.o
                0x08007b38                USBH_RegisterClass
 .text.USBH_SelectInterface
                0x08007b8c       0x38 Middlewares\ST\STM32_USB_Host_Library\Core\Src\usbh_core.o
                0x08007b8c                USBH_SelectInterface
 .text.USBH_FindInterface
                0x08007bc4       0x96 Middlewares\ST\STM32_USB_Host_Library\Core\Src\usbh_core.o
                0x08007bc4                USBH_FindInterface
 .text.USBH_Start
                0x08007c5a       0x20 Middlewares\ST\STM32_USB_Host_Library\Core\Src\usbh_core.o
                0x08007c5a                USBH_Start
 *fill*         0x08007c7a        0x2 
 .text.USBH_Process
                0x08007c7c      0x298 Middlewares\ST\STM32_USB_Host_Library\Core\Src\usbh_core.o
                0x08007c7c                USBH_Process
 .text.USBH_HandleEnum
                0x08007f14      0x234 Middlewares\ST\STM32_USB_Host_Library\Core\Src\usbh_core.o
 .text.USBH_LL_SetTimer
                0x08008148       0x1e Middlewares\ST\STM32_USB_Host_Library\Core\Src\usbh_core.o
                0x08008148                USBH_LL_SetTimer
 .text.USBH_LL_IncTimer
                0x08008166       0x24 Middlewares\ST\STM32_USB_Host_Library\Core\Src\usbh_core.o
                0x08008166                USBH_LL_IncTimer
 .text.USBH_HandleSof
                0x0800818a       0x30 Middlewares\ST\STM32_USB_Host_Library\Core\Src\usbh_core.o
 .text.USBH_LL_Connect
                0x080081ba       0x4c Middlewares\ST\STM32_USB_Host_Library\Core\Src\usbh_core.o
                0x080081ba                USBH_LL_Connect
 .text.USBH_LL_Disconnect
                0x08008206       0x5a Middlewares\ST\STM32_USB_Host_Library\Core\Src\usbh_core.o
                0x08008206                USBH_LL_Disconnect
 .text.USBH_Get_DevDesc
                0x08008260       0x50 Middlewares\ST\STM32_USB_Host_Library\Core\Src\usbh_ctlreq.o
                0x08008260                USBH_Get_DevDesc
 .text.USBH_Get_CfgDesc
                0x080082b0       0x48 Middlewares\ST\STM32_USB_Host_Library\Core\Src\usbh_ctlreq.o
                0x080082b0                USBH_Get_CfgDesc
 .text.USBH_Get_StringDesc
                0x080082f8       0x56 Middlewares\ST\STM32_USB_Host_Library\Core\Src\usbh_ctlreq.o
                0x080082f8                USBH_Get_StringDesc
 .text.USBH_GetDescriptor
                0x0800834e       0x6a Middlewares\ST\STM32_USB_Host_Library\Core\Src\usbh_ctlreq.o
                0x0800834e                USBH_GetDescriptor
 .text.USBH_SetAddress
                0x080083b8       0x48 Middlewares\ST\STM32_USB_Host_Library\Core\Src\usbh_ctlreq.o
                0x080083b8                USBH_SetAddress
 .text.USBH_SetCfg
                0x08008400       0x46 Middlewares\ST\STM32_USB_Host_Library\Core\Src\usbh_ctlreq.o
                0x08008400                USBH_SetCfg
 .text.USBH_ClrFeature
                0x08008446       0x48 Middlewares\ST\STM32_USB_Host_Library\Core\Src\usbh_ctlreq.o
                0x08008446                USBH_ClrFeature
 .text.USBH_ParseDevDesc
                0x0800848e       0xe0 Middlewares\ST\STM32_USB_Host_Library\Core\Src\usbh_ctlreq.o
 .text.USBH_ParseCfgDesc
                0x0800856e      0x14c Middlewares\ST\STM32_USB_Host_Library\Core\Src\usbh_ctlreq.o
 .text.USBH_ParseInterfaceDesc
                0x080086ba       0x5e Middlewares\ST\STM32_USB_Host_Library\Core\Src\usbh_ctlreq.o
 .text.USBH_ParseEPDesc
                0x08008718       0x5a Middlewares\ST\STM32_USB_Host_Library\Core\Src\usbh_ctlreq.o
 .text.USBH_ParseStringDesc
                0x08008772       0x66 Middlewares\ST\STM32_USB_Host_Library\Core\Src\usbh_ctlreq.o
 .text.USBH_GetNextDesc
                0x080087d8       0x36 Middlewares\ST\STM32_USB_Host_Library\Core\Src\usbh_ctlreq.o
                0x080087d8                USBH_GetNextDesc
 .text.USBH_CtlReq
                0x0800880e       0x7c Middlewares\ST\STM32_USB_Host_Library\Core\Src\usbh_ctlreq.o
                0x0800880e                USBH_CtlReq
 *fill*         0x0800888a        0x2 
 .text.USBH_HandleControl
                0x0800888c      0x2d0 Middlewares\ST\STM32_USB_Host_Library\Core\Src\usbh_ctlreq.o
 .text.USBH_CtlSendSetup
                0x08008b5c       0x34 Middlewares\ST\STM32_USB_Host_Library\Core\Src\usbh_ioreq.o
                0x08008b5c                USBH_CtlSendSetup
 .text.USBH_CtlSendData
                0x08008b90       0x4a Middlewares\ST\STM32_USB_Host_Library\Core\Src\usbh_ioreq.o
                0x08008b90                USBH_CtlSendData
 .text.USBH_CtlReceiveData
                0x08008bda       0x3c Middlewares\ST\STM32_USB_Host_Library\Core\Src\usbh_ioreq.o
                0x08008bda                USBH_CtlReceiveData
 .text.USBH_BulkSendData
                0x08008c16       0x4a Middlewares\ST\STM32_USB_Host_Library\Core\Src\usbh_ioreq.o
                0x08008c16                USBH_BulkSendData
 .text.USBH_BulkReceiveData
                0x08008c60       0x3c Middlewares\ST\STM32_USB_Host_Library\Core\Src\usbh_ioreq.o
                0x08008c60                USBH_BulkReceiveData
 .text.USBH_OpenPipe
                0x08008c9c       0x3e Middlewares\ST\STM32_USB_Host_Library\Core\Src\usbh_pipes.o
                0x08008c9c                USBH_OpenPipe
 .text.USBH_ClosePipe
                0x08008cda       0x20 Middlewares\ST\STM32_USB_Host_Library\Core\Src\usbh_pipes.o
                0x08008cda                USBH_ClosePipe
 .text.USBH_AllocPipe
                0x08008cfa       0x40 Middlewares\ST\STM32_USB_Host_Library\Core\Src\usbh_pipes.o
                0x08008cfa                USBH_AllocPipe
 .text.USBH_FreePipe
                0x08008d3a       0x3e Middlewares\ST\STM32_USB_Host_Library\Core\Src\usbh_pipes.o
                0x08008d3a                USBH_FreePipe
 .text.USBH_GetFreePipe
                0x08008d78       0x48 Middlewares\ST\STM32_USB_Host_Library\Core\Src\usbh_pipes.o
 .text.disk_status
                0x08008dc0       0x34 Middlewares\Third_Party\FatFs\src\diskio.o
                0x08008dc0                disk_status
 .text.disk_initialize
                0x08008df4       0x4c Middlewares\Third_Party\FatFs\src\diskio.o
                0x08008df4                disk_initialize
 .text.disk_read
                0x08008e40       0x40 Middlewares\Third_Party\FatFs\src\diskio.o
                0x08008e40                disk_read
 .text.disk_write
                0x08008e80       0x40 Middlewares\Third_Party\FatFs\src\diskio.o
                0x08008e80                disk_write
 .text.disk_ioctl
                0x08008ec0       0x3c Middlewares\Third_Party\FatFs\src\diskio.o
                0x08008ec0                disk_ioctl
 .text.ld_word  0x08008efc       0x30 Middlewares\Third_Party\FatFs\src\ff.o
 .text.ld_dword
                0x08008f2c       0x46 Middlewares\Third_Party\FatFs\src\ff.o
 .text.st_word  0x08008f72       0x36 Middlewares\Third_Party\FatFs\src\ff.o
 .text.st_dword
                0x08008fa8       0x58 Middlewares\Third_Party\FatFs\src\ff.o
 .text.mem_cpy  0x08009000       0x42 Middlewares\Third_Party\FatFs\src\ff.o
 .text.mem_set  0x08009042       0x34 Middlewares\Third_Party\FatFs\src\ff.o
 .text.mem_cmp  0x08009076       0x4e Middlewares\Third_Party\FatFs\src\ff.o
 .text.chk_chr  0x080090c4       0x36 Middlewares\Third_Party\FatFs\src\ff.o
 *fill*         0x080090fa        0x2 
 .text.chk_lock
                0x080090fc       0xb8 Middlewares\Third_Party\FatFs\src\ff.o
 .text.enq_lock
                0x080091b4       0x44 Middlewares\Third_Party\FatFs\src\ff.o
 .text.inc_lock
                0x080091f8      0x11c Middlewares\Third_Party\FatFs\src\ff.o
 .text.dec_lock
                0x08009314       0x78 Middlewares\Third_Party\FatFs\src\ff.o
 .text.clear_lock
                0x0800938c       0x48 Middlewares\Third_Party\FatFs\src\ff.o
 .text.sync_window
                0x080093d4       0x88 Middlewares\Third_Party\FatFs\src\ff.o
 .text.move_window
                0x0800945c       0x5a Middlewares\Third_Party\FatFs\src\ff.o
 *fill*         0x080094b6        0x2 
 .text.sync_fs  0x080094b8       0xe0 Middlewares\Third_Party\FatFs\src\ff.o
 .text.clust2sect
                0x08009598       0x3e Middlewares\Third_Party\FatFs\src\ff.o
 .text.get_fat  0x080095d6      0x1a0 Middlewares\Third_Party\FatFs\src\ff.o
 .text.put_fat  0x08009776      0x22e Middlewares\Third_Party\FatFs\src\ff.o
 .text.remove_chain
                0x080099a4       0xca Middlewares\Third_Party\FatFs\src\ff.o
 .text.create_chain
                0x08009a6e      0x130 Middlewares\Third_Party\FatFs\src\ff.o
 .text.clmt_clust
                0x08009b9e       0x70 Middlewares\Third_Party\FatFs\src\ff.o
 .text.dir_sdi  0x08009c0e      0x112 Middlewares\Third_Party\FatFs\src\ff.o
 .text.dir_next
                0x08009d20      0x1ac Middlewares\Third_Party\FatFs\src\ff.o
 .text.dir_alloc
                0x08009ecc       0x8e Middlewares\Third_Party\FatFs\src\ff.o
 .text.ld_clust
                0x08009f5a       0x3e Middlewares\Third_Party\FatFs\src\ff.o
 .text.st_clust
                0x08009f98       0x40 Middlewares\Third_Party\FatFs\src\ff.o
 .text.cmp_lfn  0x08009fd8       0xe0 Middlewares\Third_Party\FatFs\src\ff.o
 .text.pick_lfn
                0x0800a0b8       0xc8 Middlewares\Third_Party\FatFs\src\ff.o
 .text.put_lfn  0x0800a180       0xd0 Middlewares\Third_Party\FatFs\src\ff.o
 .text.gen_numname
                0x0800a250      0x11c Middlewares\Third_Party\FatFs\src\ff.o
 .text.sum_sfn  0x0800a36c       0x42 Middlewares\Third_Party\FatFs\src\ff.o
 .text.dir_read
                0x0800a3ae      0x14e Middlewares\Third_Party\FatFs\src\ff.o
 .text.dir_find
                0x0800a4fc      0x180 Middlewares\Third_Party\FatFs\src\ff.o
 .text.dir_register
                0x0800a67c      0x1f0 Middlewares\Third_Party\FatFs\src\ff.o
 .text.dir_remove
                0x0800a86c       0x94 Middlewares\Third_Party\FatFs\src\ff.o
 .text.create_name
                0x0800a900      0x370 Middlewares\Third_Party\FatFs\src\ff.o
 .text.follow_path
                0x0800ac70       0xec Middlewares\Third_Party\FatFs\src\ff.o
 .text.get_ldnumber
                0x0800ad5c       0x88 Middlewares\Third_Party\FatFs\src\ff.o
 .text.check_fs
                0x0800ade4       0xac Middlewares\Third_Party\FatFs\src\ff.o
 .text.find_volume
                0x0800ae90      0x508 Middlewares\Third_Party\FatFs\src\ff.o
 .text.validate
                0x0800b398       0x68 Middlewares\Third_Party\FatFs\src\ff.o
 .text.f_mount  0x0800b400       0x8c Middlewares\Third_Party\FatFs\src\ff.o
                0x0800b400                f_mount
 .text.f_open   0x0800b48c      0x3b8 Middlewares\Third_Party\FatFs\src\ff.o
                0x0800b48c                f_open
 .text.f_read   0x0800b844      0x2be Middlewares\Third_Party\FatFs\src\ff.o
                0x0800b844                f_read
 .text.f_sync   0x0800bb02       0xfc Middlewares\Third_Party\FatFs\src\ff.o
                0x0800bb02                f_sync
 .text.f_close  0x0800bbfe       0x54 Middlewares\Third_Party\FatFs\src\ff.o
                0x0800bbfe                f_close
 .text.f_lseek  0x0800bc52      0x448 Middlewares\Third_Party\FatFs\src\ff.o
                0x0800bc52                f_lseek
 .text.f_opendir
                0x0800c09a      0x106 Middlewares\Third_Party\FatFs\src\ff.o
                0x0800c09a                f_opendir
 .text.f_unlink
                0x0800c1a0      0x176 Middlewares\Third_Party\FatFs\src\ff.o
                0x0800c1a0                f_unlink
 *fill*         0x0800c316        0x2 
 .text.FATFS_LinkDriverEx
                0x0800c318       0x98 Middlewares\Third_Party\FatFs\src\ff_gen_drv.o
                0x0800c318                FATFS_LinkDriverEx
 .text.FATFS_LinkDriver
                0x0800c3b0       0x1e Middlewares\Third_Party\FatFs\src\ff_gen_drv.o
                0x0800c3b0                FATFS_LinkDriver
 *fill*         0x0800c3ce        0x2 
 .text.ff_convert
                0x0800c3d0       0x78 Middlewares\Third_Party\FatFs\src\option\ccsbcs.o
                0x0800c3d0                ff_convert
 .text.ff_wtoupper
                0x0800c448      0x114 Middlewares\Third_Party\FatFs\src\option\ccsbcs.o
                0x0800c448                ff_wtoupper
 .text.ff_memalloc
                0x0800c55c       0x18 Middlewares\Third_Party\FatFs\src\option\syscall.o
                0x0800c55c                ff_memalloc
 .text.ff_memfree
                0x0800c574       0x16 Middlewares\Third_Party\FatFs\src\option\syscall.o
                0x0800c574                ff_memfree
 *fill*         0x0800c58a        0x2 
 .text.cs43l22_Init
                0x0800c58c      0x1c8 Src\cs43l22.o
                0x0800c58c                cs43l22_Init
 .text.cs43l22_DeInit
                0x0800c754        0xc Src\cs43l22.o
                0x0800c754                cs43l22_DeInit
 .text.cs43l22_ReadID
                0x0800c760       0x30 Src\cs43l22.o
                0x0800c760                cs43l22_ReadID
 .text.cs43l22_Play
                0x0800c790       0x74 Src\cs43l22.o
                0x0800c790                cs43l22_Play
 .text.cs43l22_Stop
                0x0800c804       0x68 Src\cs43l22.o
                0x0800c804                cs43l22_Stop
 .text.cs43l22_Pause
                0x0800c86c       0x42 Src\cs43l22.o
                0x0800c86c                cs43l22_Pause
 *fill*         0x0800c8ae        0x2 
 .text.cs43l22_Resume
                0x0800c8b0       0x78 Src\cs43l22.o
                0x0800c8b0                cs43l22_Resume
 .text.cs43l22_SetVolume
                0x0800c928       0xbc Src\cs43l22.o
                0x0800c928                cs43l22_SetVolume
 .text.cs43l22_SetFrequency
                0x0800c9e4       0x1a Src\cs43l22.o
                0x0800c9e4                cs43l22_SetFrequency
 *fill*         0x0800c9fe        0x2 
 .text.cs43l22_SetMute
                0x0800ca00       0xbc Src\cs43l22.o
                0x0800ca00                cs43l22_SetMute
 .text.cs43l22_SetOutputMode
                0x0800cabc       0xe4 Src\cs43l22.o
                0x0800cabc                cs43l22_SetOutputMode
 .text.cs43l22_Reset
                0x0800cba0       0x18 Src\cs43l22.o
                0x0800cba0                cs43l22_Reset
 .text.CODEC_IO_Write
                0x0800cbb8       0x2e Src\cs43l22.o
 *fill*         0x0800cbe6        0x2 
 .text.MX_DMA_Init
                0x0800cbe8       0x40 Src\dma.o
                0x0800cbe8                MX_DMA_Init
 .text.MX_FATFS_Init
                0x0800cc28       0x24 Src\fatfs.o
                0x0800cc28                MX_FATFS_Init
 .text.get_fattime
                0x0800cc4c       0x10 Src\fatfs.o
                0x0800cc4c                get_fattime
 .text.MX_GPIO_Init
                0x0800cc5c      0x200 Src\gpio.o
                0x0800cc5c                MX_GPIO_Init
 .text.MX_I2C1_Init
                0x0800ce5c       0x64 Src\i2c.o
                0x0800ce5c                MX_I2C1_Init
 .text.HAL_I2C_MspInit
                0x0800cec0       0x64 Src\i2c.o
                0x0800cec0                HAL_I2C_MspInit
 .text.HAL_I2C_MspDeInit
                0x0800cf24       0x3c Src\i2c.o
                0x0800cf24                HAL_I2C_MspDeInit
 .text.main     0x0800cf60       0x32 Src\main.o
                0x0800cf60                main
 *fill*         0x0800cf92        0x2 
 .text.SystemClock_Config
                0x0800cf94      0x110 Src\main.o
                0x0800cf94                SystemClock_Config
 .text.USB_UserInit
                0x0800d0a4       0x4c Src\main.o
                0x0800d0a4                USB_UserInit
 .text._Error_Handler
                0x0800d0f0        0xc Src\main.o
                0x0800d0f0                _Error_Handler
 .text.MX_SPI1_Init
                0x0800d0fc       0x74 Src\spi.o
                0x0800d0fc                MX_SPI1_Init
 .text.HAL_SPI_MspInit
                0x0800d170       0x64 Src\spi.o
                0x0800d170                HAL_SPI_MspInit
 .text.I2Cx_Init
                0x0800d1d4       0x4c Src\stm32f4_discovery.o
 .text.I2Cx_WriteData
                0x0800d220       0x58 Src\stm32f4_discovery.o
 .text.I2Cx_ReadData
                0x0800d278       0x5c Src\stm32f4_discovery.o
 .text.I2Cx_Error
                0x0800d2d4       0x20 Src\stm32f4_discovery.o
 .text.I2Cx_MspInit
                0x0800d2f4       0xa8 Src\stm32f4_discovery.o
 .text.AUDIO_IO_Init
                0x0800d39c       0x70 Src\stm32f4_discovery.o
                0x0800d39c                AUDIO_IO_Init
 .text.AUDIO_IO_DeInit
                0x0800d40c        0xe Src\stm32f4_discovery.o
                0x0800d40c                AUDIO_IO_DeInit
 .text.AUDIO_IO_Write
                0x0800d41a       0x26 Src\stm32f4_discovery.o
                0x0800d41a                AUDIO_IO_Write
 .text.AUDIO_IO_Read
                0x0800d440       0x26 Src\stm32f4_discovery.o
                0x0800d440                AUDIO_IO_Read
 *fill*         0x0800d466        0x2 
 .text.BSP_AUDIO_OUT_Init
                0x0800d468       0x9c Src\stm32f4_discovery_audio.o
                0x0800d468                BSP_AUDIO_OUT_Init
 .text.BSP_AUDIO_OUT_Play
                0x0800d504       0x54 Src\stm32f4_discovery_audio.o
                0x0800d504                BSP_AUDIO_OUT_Play
 .text.BSP_AUDIO_OUT_Stop
                0x0800d558       0x50 Src\stm32f4_discovery_audio.o
                0x0800d558                BSP_AUDIO_OUT_Stop
 .text.BSP_AUDIO_OUT_ChangeBuffer
                0x0800d5a8       0x24 Src\stm32f4_discovery_audio.o
                0x0800d5a8                BSP_AUDIO_OUT_ChangeBuffer
 .text.BSP_AUDIO_OUT_SetVolume
                0x0800d5cc       0x30 Src\stm32f4_discovery_audio.o
                0x0800d5cc                BSP_AUDIO_OUT_SetVolume
 .text.HAL_I2S_TxCpltCallback
                0x0800d5fc       0x24 Src\stm32f4_discovery_audio.o
                0x0800d5fc                HAL_I2S_TxCpltCallback
 .text.HAL_I2S_TxHalfCpltCallback
                0x0800d620       0x24 Src\stm32f4_discovery_audio.o
                0x0800d620                HAL_I2S_TxHalfCpltCallback
 .text.BSP_AUDIO_OUT_ClockConfig
                0x0800d644       0xb4 Src\stm32f4_discovery_audio.o
                0x0800d644                BSP_AUDIO_OUT_ClockConfig
 .text.BSP_AUDIO_OUT_MspInit
                0x0800d6f8      0x180 Src\stm32f4_discovery_audio.o
                0x0800d6f8                BSP_AUDIO_OUT_MspInit
 .text.I2S3_Init
                0x0800d878       0x70 Src\stm32f4_discovery_audio.o
 .text.HAL_I2S_RxCpltCallback
                0x0800d8e8       0x14 Src\stm32f4_discovery_audio.o
                0x0800d8e8                HAL_I2S_RxCpltCallback
 .text.BSP_AUDIO_IN_TransferComplete_CallBack
                0x0800d8fc        0xe Src\stm32f4_discovery_audio.o
                0x0800d8fc                BSP_AUDIO_IN_TransferComplete_CallBack
 .text.BSP_AUDIO_IN_Error_Callback
                0x0800d90a        0xe Src\stm32f4_discovery_audio.o
                0x0800d90a                BSP_AUDIO_IN_Error_Callback
 .text.HAL_I2S_ErrorCallback
                0x0800d918       0x34 Src\stm32f4_discovery_audio.o
                0x0800d918                HAL_I2S_ErrorCallback
 .text.HAL_MspInit
                0x0800d94c       0xa4 Src\stm32f4xx_hal_msp.o
                0x0800d94c                HAL_MspInit
 .text.SysTick_Handler
                0x0800d9f0       0x10 Src\stm32f4xx_it.o
                0x0800d9f0                SysTick_Handler
 .text.EXTI0_IRQHandler
                0x0800da00        0xe Src\stm32f4xx_it.o
                0x0800da00                EXTI0_IRQHandler
 *fill*         0x0800da0e        0x2 
 .text.DMA1_Stream7_IRQHandler
                0x0800da10       0x18 Src\stm32f4xx_it.o
                0x0800da10                DMA1_Stream7_IRQHandler
 .text.OTG_FS_IRQHandler
                0x0800da28       0x14 Src\stm32f4xx_it.o
                0x0800da28                OTG_FS_IRQHandler
 .text.SystemInit
                0x0800da3c       0x6c Src\system_stm32f4xx.o
                0x0800da3c                SystemInit
 .text.MX_USB_HOST_Init
                0x0800daa8       0x2c Src\usb_host.o
                0x0800daa8                MX_USB_HOST_Init
 .text.MX_USB_HOST_Process
                0x0800dad4       0x14 Src\usb_host.o
                0x0800dad4                MX_USB_HOST_Process
 .text.USBH_UserProcess
                0x0800dae8       0x5c Src\usb_host.o
 .text.HAL_HCD_MspInit
                0x0800db44       0x98 Src\usbh_conf.o
                0x0800db44                HAL_HCD_MspInit
 .text.HAL_HCD_SOF_Callback
                0x0800dbdc       0x1c Src\usbh_conf.o
                0x0800dbdc                HAL_HCD_SOF_Callback
 .text.HAL_HCD_Connect_Callback
                0x0800dbf8       0x1c Src\usbh_conf.o
                0x0800dbf8                HAL_HCD_Connect_Callback
 .text.HAL_HCD_Disconnect_Callback
                0x0800dc14       0x1c Src\usbh_conf.o
                0x0800dc14                HAL_HCD_Disconnect_Callback
 .text.HAL_HCD_HC_NotifyURBChange_Callback
                0x0800dc30       0x1c Src\usbh_conf.o
                0x0800dc30                HAL_HCD_HC_NotifyURBChange_Callback
 .text.USBH_LL_Init
                0x0800dc4c       0x80 Src\usbh_conf.o
                0x0800dc4c                USBH_LL_Init
 .text.USBH_LL_Start
                0x0800dccc       0x64 Src\usbh_conf.o
                0x0800dccc                USBH_LL_Start
 .text.USBH_LL_Stop
                0x0800dd30       0x64 Src\usbh_conf.o
                0x0800dd30                USBH_LL_Stop
 .text.USBH_LL_GetSpeed
                0x0800dd94       0x4a Src\usbh_conf.o
                0x0800dd94                USBH_LL_GetSpeed
 *fill*         0x0800ddde        0x2 
 .text.USBH_LL_ResetPort
                0x0800dde0       0x64 Src\usbh_conf.o
                0x0800dde0                USBH_LL_ResetPort
 .text.USBH_LL_GetLastXferSize
                0x0800de44       0x26 Src\usbh_conf.o
                0x0800de44                USBH_LL_GetLastXferSize
 *fill*         0x0800de6a        0x2 
 .text.USBH_LL_OpenPipe
                0x0800de6c       0x8c Src\usbh_conf.o
                0x0800de6c                USBH_LL_OpenPipe
 .text.USBH_LL_ClosePipe
                0x0800def8       0x6c Src\usbh_conf.o
                0x0800def8                USBH_LL_ClosePipe
 .text.USBH_LL_SubmitURB
                0x0800df64       0x90 Src\usbh_conf.o
                0x0800df64                USBH_LL_SubmitURB
 .text.USBH_LL_GetURBState
                0x0800dff4       0x26 Src\usbh_conf.o
                0x0800dff4                USBH_LL_GetURBState
 .text.USBH_LL_DriverVBUS
                0x0800e01a       0x2e Src\usbh_conf.o
                0x0800e01a                USBH_LL_DriverVBUS
 .text.USBH_LL_SetToggle
                0x0800e048       0x66 Src\usbh_conf.o
                0x0800e048                USBH_LL_SetToggle
 .text.USBH_LL_GetToggle
                0x0800e0ae       0x66 Src\usbh_conf.o
                0x0800e0ae                USBH_LL_GetToggle
 .text.USBH_Delay
                0x0800e114       0x16 Src\usbh_conf.o
                0x0800e114                USBH_Delay
 .text.USBH_initialize
                0x0800e12a       0x18 Src\usbh_diskio.o
                0x0800e12a                USBH_initialize
 *fill*         0x0800e142        0x2 
 .text.USBH_status
                0x0800e144       0x38 Src\usbh_diskio.o
                0x0800e144                USBH_status
 .text.USBH_read
                0x0800e17c       0x70 Src\usbh_diskio.o
                0x0800e17c                USBH_read
 .text.USBH_write
                0x0800e1ec       0x84 Src\usbh_diskio.o
                0x0800e1ec                USBH_write
 .text.USBH_ioctl
                0x0800e270       0xd8 Src\usbh_diskio.o
                0x0800e270                USBH_ioctl
 .text.MX_DriverVbusFS
                0x0800e348       0x38 Src\usbh_platform.o
                0x0800e348                MX_DriverVbusFS
 .text.HAL_GPIO_EXTI_Callback
                0x0800e380       0x44 Src\waveplayer.o
                0x0800e380                HAL_GPIO_EXTI_Callback
 .text.WavePlayerStart
                0x0800e3c4       0x80 Src\waveplayer.o
                0x0800e3c4                WavePlayerStart
 .text.WavePlayBack
                0x0800e444      0x114 Src\waveplayer.o
                0x0800e444                WavePlayBack
 .text.WavePlayerStop
                0x0800e558        0xe Src\waveplayer.o
                0x0800e558                WavePlayerStop
 *fill*         0x0800e566        0x2 
 .text.WavePlayerInit
                0x0800e568       0x24 Src\waveplayer.o
                0x0800e568                WavePlayerInit
 .text.BSP_AUDIO_OUT_HalfTransfer_CallBack
                0x0800e58c       0x18 Src\waveplayer.o
                0x0800e58c                BSP_AUDIO_OUT_HalfTransfer_CallBack
 .text.BSP_AUDIO_OUT_TransferComplete_CallBack
                0x0800e5a4       0x20 Src\waveplayer.o
                0x0800e5a4                BSP_AUDIO_OUT_TransferComplete_CallBack
 .text.BSP_AUDIO_OUT_Error_CallBack
                0x0800e5c4        0x6 Src\waveplayer.o
                0x0800e5c4                BSP_AUDIO_OUT_Error_CallBack
 *fill*         0x0800e5ca        0x2 
 .text.Reset_Handler
                0x0800e5cc       0x50 startup\startup_stm32f407xx.o
                0x0800e5cc                Reset_Handler
 .text.Default_Handler
                0x0800e61c        0x2 startup\startup_stm32f407xx.o
                0x0800e61c                RTC_Alarm_IRQHandler
                0x0800e61c                HASH_RNG_IRQHandler
                0x0800e61c                EXTI2_IRQHandler
                0x0800e61c                TIM8_CC_IRQHandler
                0x0800e61c                DebugMon_Handler
                0x0800e61c                TIM1_CC_IRQHandler
                0x0800e61c                DMA2_Stream5_IRQHandler
                0x0800e61c                HardFault_Handler
                0x0800e61c                DMA1_Stream5_IRQHandler
                0x0800e61c                PVD_IRQHandler
                0x0800e61c                SDIO_IRQHandler
                0x0800e61c                TAMP_STAMP_IRQHandler
                0x0800e61c                PendSV_Handler
                0x0800e61c                NMI_Handler
                0x0800e61c                CAN2_RX1_IRQHandler
                0x0800e61c                EXTI3_IRQHandler
                0x0800e61c                TIM8_TRG_COM_TIM14_IRQHandler
                0x0800e61c                TIM1_UP_TIM10_IRQHandler
                0x0800e61c                TIM8_UP_TIM13_IRQHandler
                0x0800e61c                I2C3_ER_IRQHandler
                0x0800e61c                I2C2_EV_IRQHandler
                0x0800e61c                DMA1_Stream2_IRQHandler
                0x0800e61c                CAN1_RX0_IRQHandler
                0x0800e61c                FPU_IRQHandler
                0x0800e61c                OTG_HS_WKUP_IRQHandler
                0x0800e61c                UsageFault_Handler
                0x0800e61c                CAN2_SCE_IRQHandler
                0x0800e61c                DMA2_Stream2_IRQHandler
                0x0800e61c                SPI1_IRQHandler
                0x0800e61c                TIM6_DAC_IRQHandler
                0x0800e61c                TIM1_BRK_TIM9_IRQHandler
                0x0800e61c                DCMI_IRQHandler
                0x0800e61c                CAN2_RX0_IRQHandler
                0x0800e61c                DMA2_Stream3_IRQHandler
                0x0800e61c                USART6_IRQHandler
                0x0800e61c                USART3_IRQHandler
                0x0800e61c                CAN1_RX1_IRQHandler
                0x0800e61c                UART5_IRQHandler
                0x0800e61c                DMA2_Stream0_IRQHandler
                0x0800e61c                TIM4_IRQHandler
                0x0800e61c                I2C1_EV_IRQHandler
                0x0800e61c                DMA1_Stream6_IRQHandler
                0x0800e61c                DMA1_Stream1_IRQHandler
                0x0800e61c                UART4_IRQHandler
                0x0800e61c                TIM3_IRQHandler
                0x0800e61c                RCC_IRQHandler
                0x0800e61c                TIM8_BRK_TIM12_IRQHandler
                0x0800e61c                Default_Handler
                0x0800e61c                EXTI15_10_IRQHandler
                0x0800e61c                ADC_IRQHandler
                0x0800e61c                TIM7_IRQHandler
                0x0800e61c                CAN2_TX_IRQHandler
                0x0800e61c                TIM5_IRQHandler
                0x0800e61c                DMA2_Stream7_IRQHandler
                0x0800e61c                I2C3_EV_IRQHandler
                0x0800e61c                EXTI9_5_IRQHandler
                0x0800e61c                RTC_WKUP_IRQHandler
                0x0800e61c                ETH_WKUP_IRQHandler
                0x0800e61c                SPI2_IRQHandler
                0x0800e61c                OTG_HS_EP1_IN_IRQHandler
                0x0800e61c                MemManage_Handler
                0x0800e61c                DMA1_Stream0_IRQHandler
                0x0800e61c                CAN1_TX_IRQHandler
                0x0800e61c                SVC_Handler
                0x0800e61c                EXTI4_IRQHandler
                0x0800e61c                FSMC_IRQHandler
                0x0800e61c                ETH_IRQHandler
                0x0800e61c                OTG_HS_EP1_OUT_IRQHandler
                0x0800e61c                WWDG_IRQHandler
                0x0800e61c                TIM2_IRQHandler
                0x0800e61c                OTG_FS_WKUP_IRQHandler
                0x0800e61c                TIM1_TRG_COM_TIM11_IRQHandler
                0x0800e61c                OTG_HS_IRQHandler
                0x0800e61c                EXTI1_IRQHandler
                0x0800e61c                USART2_IRQHandler
                0x0800e61c                I2C2_ER_IRQHandler
                0x0800e61c                DMA2_Stream1_IRQHandler
                0x0800e61c                CAN1_SCE_IRQHandler
                0x0800e61c                FLASH_IRQHandler
                0x0800e61c                DMA2_Stream4_IRQHandler
                0x0800e61c                BusFault_Handler
                0x0800e61c                USART1_IRQHandler
                0x0800e61c                SPI3_IRQHandler
                0x0800e61c                DMA1_Stream4_IRQHandler
                0x0800e61c                I2C1_ER_IRQHandler
                0x0800e61c                DMA2_Stream6_IRQHandler
                0x0800e61c                DMA1_Stream3_IRQHandler
 *fill*         0x0800e61e        0x2 
 .text.__libc_init_array
                0x0800e620       0x48 c:/program files (x86)/atollic/truestudio for stm32 9.0.1/armtools/bin/../lib/gcc/arm-atollic-eabi/6.3.1/../../../../arm-atollic-eabi/lib/armv7e-m/fpu\libc_nano.a(lib_a-init.o)
                0x0800e620                __libc_init_array
 .text.malloc   0x0800e668       0x10 c:/program files (x86)/atollic/truestudio for stm32 9.0.1/armtools/bin/../lib/gcc/arm-atollic-eabi/6.3.1/../../../../arm-atollic-eabi/lib/armv7e-m/fpu\libc_nano.a(lib_a-malloc.o)
                0x0800e668                malloc
 .text.free     0x0800e678       0x10 c:/program files (x86)/atollic/truestudio for stm32 9.0.1/armtools/bin/../lib/gcc/arm-atollic-eabi/6.3.1/../../../../arm-atollic-eabi/lib/armv7e-m/fpu\libc_nano.a(lib_a-malloc.o)
                0x0800e678                free
 .text.memcpy   0x0800e688       0x16 c:/program files (x86)/atollic/truestudio for stm32 9.0.1/armtools/bin/../lib/gcc/arm-atollic-eabi/6.3.1/../../../../arm-atollic-eabi/lib/armv7e-m/fpu\libc_nano.a(lib_a-memcpy-stub.o)
                0x0800e688                memcpy
 .text.memset   0x0800e69e       0x10 c:/program files (x86)/atollic/truestudio for stm32 9.0.1/armtools/bin/../lib/gcc/arm-atollic-eabi/6.3.1/../../../../arm-atollic-eabi/lib/armv7e-m/fpu\libc_nano.a(lib_a-memset.o)
                0x0800e69e                memset
 *fill*         0x0800e6ae        0x2 
 .text._free_r  0x0800e6b0       0x9c c:/program files (x86)/atollic/truestudio for stm32 9.0.1/armtools/bin/../lib/gcc/arm-atollic-eabi/6.3.1/../../../../arm-atollic-eabi/lib/armv7e-m/fpu\libc_nano.a(lib_a-nano-freer.o)
                0x0800e6b0                _free_r
 .text._malloc_r
                0x0800e74c       0xbc c:/program files (x86)/atollic/truestudio for stm32 9.0.1/armtools/bin/../lib/gcc/arm-atollic-eabi/6.3.1/../../../../arm-atollic-eabi/lib/armv7e-m/fpu\libc_nano.a(lib_a-nano-mallocr.o)
                0x0800e74c                _malloc_r
 .text._sbrk_r  0x0800e808       0x20 c:/program files (x86)/atollic/truestudio for stm32 9.0.1/armtools/bin/../lib/gcc/arm-atollic-eabi/6.3.1/../../../../arm-atollic-eabi/lib/armv7e-m/fpu\libc_nano.a(lib_a-sbrkr.o)
                0x0800e808                _sbrk_r
 .text.__malloc_lock
                0x0800e828        0x2 c:/program files (x86)/atollic/truestudio for stm32 9.0.1/armtools/bin/../lib/gcc/arm-atollic-eabi/6.3.1/../../../../arm-atollic-eabi/lib/armv7e-m/fpu\libc_nano.a(lib_a-mlock.o)
                0x0800e828                __malloc_lock
 .text.__malloc_unlock
                0x0800e82a        0x2 c:/program files (x86)/atollic/truestudio for stm32 9.0.1/armtools/bin/../lib/gcc/arm-atollic-eabi/6.3.1/../../../../arm-atollic-eabi/lib/armv7e-m/fpu\libc_nano.a(lib_a-mlock.o)
                0x0800e82a                __malloc_unlock
 .text._sbrk    0x0800e82c       0x1c c:/program files (x86)/atollic/truestudio for stm32 9.0.1/armtools/bin/../lib/gcc/arm-atollic-eabi/6.3.1/../../../../arm-atollic-eabi/lib/armv7e-m/fpu\libnosys.a(sbrk.o)
                0x0800e82c                _sbrk
 *(.glue_7)
 .glue_7        0x0800e848        0x0 linker stubs
 *(.glue_7t)
 .glue_7t       0x0800e848        0x0 linker stubs
 *(.eh_frame)
 .eh_frame      0x0800e848        0x0 c:/program files (x86)/atollic/truestudio for stm32 9.0.1/armtools/bin/../lib/gcc/arm-atollic-eabi/6.3.1/armv7e-m/fpu/crtbegin.o
 *(.init)
 .init          0x0800e848        0x4 c:/program files (x86)/atollic/truestudio for stm32 9.0.1/armtools/bin/../lib/gcc/arm-atollic-eabi/6.3.1/armv7e-m/fpu/crti.o
                0x0800e848                _init
 .init          0x0800e84c        0x8 c:/program files (x86)/atollic/truestudio for stm32 9.0.1/armtools/bin/../lib/gcc/arm-atollic-eabi/6.3.1/armv7e-m/fpu/crtn.o
 *(.fini)
 .fini          0x0800e854        0x4 c:/program files (x86)/atollic/truestudio for stm32 9.0.1/armtools/bin/../lib/gcc/arm-atollic-eabi/6.3.1/armv7e-m/fpu/crti.o
                0x0800e854                _fini
 .fini          0x0800e858        0x8 c:/program files (x86)/atollic/truestudio for stm32 9.0.1/armtools/bin/../lib/gcc/arm-atollic-eabi/6.3.1/armv7e-m/fpu/crtn.o
                0x0800e860                . = ALIGN (0x4)
                0x0800e860                _etext = .

.vfp11_veneer   0x0800e860        0x0
 .vfp11_veneer  0x0800e860        0x0 linker stubs

.v4_bx          0x0800e860        0x0
 .v4_bx         0x0800e860        0x0 linker stubs

.iplt           0x0800e860        0x0
 .iplt          0x0800e860        0x0 c:/program files (x86)/atollic/truestudio for stm32 9.0.1/armtools/bin/../lib/gcc/arm-atollic-eabi/6.3.1/armv7e-m/fpu/crtbegin.o

.rodata         0x0800e860      0x5ac
                0x0800e860                . = ALIGN (0x4)
 *(.rodata)
 .rodata        0x0800e860        0x4 Middlewares\ST\STM32_USB_Host_Library\Class\MSC\Src\usbh_msc.o
 .rodata        0x0800e864       0x48 Middlewares\Third_Party\FatFs\src\ff.o
 .rodata        0x0800e8ac        0xd Src\i2c.o
 *fill*         0x0800e8b9        0x3 
 .rodata        0x0800e8bc       0x19 Src\main.o
 *fill*         0x0800e8d5        0x3 
 .rodata        0x0800e8d8        0xd Src\spi.o
 *fill*         0x0800e8e5        0x3 
 .rodata        0x0800e8e8       0x13 Src\usbh_conf.o
 *fill*         0x0800e8fb        0x1 
 .rodata        0x0800e8fc       0x3c Src\waveplayer.o
 *(.rodata*)
 .rodata.flagBitshiftOffset.8972
                0x0800e938        0x8 Drivers\STM32F4xx_HAL_Driver\Src\stm32f4xx_hal_dma.o
 .rodata.ExCvt  0x0800e940       0x80 Middlewares\Third_Party\FatFs\src\ff.o
 .rodata.LfnOfs
                0x0800e9c0        0xd Middlewares\Third_Party\FatFs\src\ff.o
 *fill*         0x0800e9cd        0x3 
 .rodata.Tbl    0x0800e9d0      0x100 Middlewares\Third_Party\FatFs\src\option\ccsbcs.o
 .rodata.cvt1.10249
                0x0800ead0      0x1f2 Middlewares\Third_Party\FatFs\src\option\ccsbcs.o
 *fill*         0x0800ecc2        0x2 
 .rodata.cvt2.10250
                0x0800ecc4       0xbc Middlewares\Third_Party\FatFs\src\option\ccsbcs.o
 .rodata.I2SFreq
                0x0800ed80       0x20 Src\stm32f4_discovery_audio.o
                0x0800ed80                I2SFreq
 .rodata.I2SPLLN
                0x0800eda0       0x20 Src\stm32f4_discovery_audio.o
                0x0800eda0                I2SPLLN
 .rodata.I2SPLLR
                0x0800edc0       0x20 Src\stm32f4_discovery_audio.o
                0x0800edc0                I2SPLLR
 .rodata.AHBPrescTable
                0x0800ede0       0x10 Src\system_stm32f4xx.o
                0x0800ede0                AHBPrescTable
 .rodata.APBPrescTable
                0x0800edf0        0x8 Src\system_stm32f4xx.o
                0x0800edf0                APBPrescTable
 .rodata.USBH_Driver
                0x0800edf8       0x14 Src\usbh_diskio.o
                0x0800edf8                USBH_Driver
                0x0800ee0c                . = ALIGN (0x4)

.ARM.extab
 *(.ARM.extab* .gnu.linkonce.armextab.*)

.ARM            0x0800ee0c        0x8
                0x0800ee0c                __exidx_start = .
 *(.ARM.exidx*)
 .ARM.exidx     0x0800ee0c        0x8 c:/program files (x86)/atollic/truestudio for stm32 9.0.1/armtools/bin/../lib/gcc/arm-atollic-eabi/6.3.1/armv7e-m/fpu\libgcc.a(_udivmoddi4.o)
                0x0800ee14                __exidx_end = .

.rel.dyn        0x0800ee14        0x0
 .rel.iplt      0x0800ee14        0x0 c:/program files (x86)/atollic/truestudio for stm32 9.0.1/armtools/bin/../lib/gcc/arm-atollic-eabi/6.3.1/armv7e-m/fpu/crtbegin.o

.preinit_array  0x0800ee14        0x0
                0x0800ee14                PROVIDE (__preinit_array_start, .)
 *(.preinit_array*)
                0x0800ee14                PROVIDE (__preinit_array_end, .)

.init_array     0x0800ee14        0x4
                0x0800ee14                PROVIDE (__init_array_start, .)
 *(SORT(.init_array.*))
 *(.init_array*)
 .init_array    0x0800ee14        0x4 c:/program files (x86)/atollic/truestudio for stm32 9.0.1/armtools/bin/../lib/gcc/arm-atollic-eabi/6.3.1/armv7e-m/fpu/crtbegin.o
                0x0800ee18                PROVIDE (__init_array_end, .)

.fini_array     0x0800ee18        0x4
                [!provide]                PROVIDE (__fini_array_start, .)
 *(SORT(.fini_array.*))
 *(.fini_array*)
 .fini_array    0x0800ee18        0x4 c:/program files (x86)/atollic/truestudio for stm32 9.0.1/armtools/bin/../lib/gcc/arm-atollic-eabi/6.3.1/armv7e-m/fpu/crtbegin.o
                [!provide]                PROVIDE (__fini_array_end, .)
                0x0800ee1c                _sidata = LOADADDR (.data)

.data           0x20000000       0xe0 load address 0x0800ee1c
                0x20000000                . = ALIGN (0x4)
                0x20000000                _sdata = .
 *(.data)
 *(.data*)
 .data.uwTickPrio
                0x20000000        0x4 Drivers\STM32F4xx_HAL_Driver\Src\stm32f4xx_hal.o
                0x20000000                uwTickPrio
 .data.uwTickFreq
                0x20000004        0x1 Drivers\STM32F4xx_HAL_Driver\Src\stm32f4xx_hal.o
                0x20000004                uwTickFreq
 *fill*         0x20000005        0x3 
 .data.USBH_msc
                0x20000008       0x20 Middlewares\ST\STM32_USB_Host_Library\Class\MSC\Src\usbh_msc.o
                0x20000008                USBH_msc
 .data.cs43l22_drv
                0x20000028       0x30 Src\cs43l22.o
                0x20000028                cs43l22_drv
 .data.Is_cs43l22_Stop
                0x20000058        0x1 Src\cs43l22.o
 *fill*         0x20000059        0x3 
 .data.I2cxTimeout
                0x2000005c        0x4 Src\stm32f4_discovery.o
                0x2000005c                I2cxTimeout
 .data.SystemCoreClock
                0x20000060        0x4 Src\system_stm32f4xx.o
                0x20000060                SystemCoreClock
 .data.Volume   0x20000064        0x1 Src\waveplayer.o
 *fill*         0x20000065        0x3 
 .data.MusicList
                0x20000068       0x14 Src\waveplayer.o
                0x20000068                MusicList
 .data._impure_ptr
                0x2000007c        0x4 c:/program files (x86)/atollic/truestudio for stm32 9.0.1/armtools/bin/../lib/gcc/arm-atollic-eabi/6.3.1/../../../../arm-atollic-eabi/lib/armv7e-m/fpu\libc_nano.a(lib_a-impure.o)
                0x2000007c                _impure_ptr
 .data.impure_data
                0x20000080       0x60 c:/program files (x86)/atollic/truestudio for stm32 9.0.1/armtools/bin/../lib/gcc/arm-atollic-eabi/6.3.1/../../../../arm-atollic-eabi/lib/armv7e-m/fpu\libc_nano.a(lib_a-impure.o)
                0x200000e0                . = ALIGN (0x4)
                0x200000e0                _edata = .
                0x0800eefc                _siccmram = LOADADDR (.ccmram)

.igot.plt       0x200000e0        0x0 load address 0x0800eefc
 .igot.plt      0x200000e0        0x0 c:/program files (x86)/atollic/truestudio for stm32 9.0.1/armtools/bin/../lib/gcc/arm-atollic-eabi/6.3.1/armv7e-m/fpu/crtbegin.o

.ccmram         0x10000000        0x0 load address 0x0800eefc
                0x10000000                . = ALIGN (0x4)
                0x10000000                _sccmram = .
 *(.ccmram)
 *(.ccmram*)
                0x10000000                . = ALIGN (0x4)
                0x10000000                _eccmram = .
                0x10000000                . = ALIGN (0x4)

.bss            0x200000e0     0x6ab4
                0x200000e0                _sbss = .
                0x200000e0                __bss_start__ = _sbss
 *(.bss)
 .bss           0x200000e0       0x1c c:/program files (x86)/atollic/truestudio for stm32 9.0.1/armtools/bin/../lib/gcc/arm-atollic-eabi/6.3.1/armv7e-m/fpu/crtbegin.o
 *(.bss*)
 .bss.FatFs     0x200000fc        0x4 Middlewares\Third_Party\FatFs\src\ff.o
 .bss.Fsid      0x20000100        0x2 Middlewares\Third_Party\FatFs\src\ff.o
 *fill*         0x20000102        0x2 
 .bss.Files     0x20000104       0x20 Middlewares\Third_Party\FatFs\src\ff.o
 .bss.disk      0x20000124        0xc Middlewares\Third_Party\FatFs\src\ff_gen_drv.o
                0x20000124                disk
 .bss.OutputDev
                0x20000130        0x1 Src\cs43l22.o
                0x20000130                OutputDev
 *fill*         0x20000131        0x3 
 .bss.I2cHandle
                0x20000134       0x54 Src\stm32f4_discovery.o
 .bss.pAudioDrv
                0x20000188        0x4 Src\stm32f4_discovery_audio.o
 .bss.hdma_i2sTx.9139
                0x2000018c       0x60 Src\stm32f4_discovery_audio.o
 .bss.Appli_state
                0x200001ec        0x1 Src\usb_host.o
                0x200001ec                Appli_state
 *fill*         0x200001ed        0x3 
 .bss.WaveDataLength
                0x200001f0        0x4 Src\waveplayer.o
 .bss.AudioRemSize
                0x200001f4        0x4 Src\waveplayer.o
 .bss.buffer_offset
                0x200001f8        0x1 Src\waveplayer.o
                0x200001f8                buffer_offset
 .bss.MusicIndex
                0x200001f9        0x1 Src\waveplayer.o
 *fill*         0x200001fa        0x2 
 .bss.__malloc_free_list
                0x200001fc        0x4 c:/program files (x86)/atollic/truestudio for stm32 9.0.1/armtools/bin/../lib/gcc/arm-atollic-eabi/6.3.1/../../../../arm-atollic-eabi/lib/armv7e-m/fpu\libc_nano.a(lib_a-nano-mallocr.o)
                0x200001fc                __malloc_free_list
 .bss.__malloc_sbrk_start
                0x20000200        0x4 c:/program files (x86)/atollic/truestudio for stm32 9.0.1/armtools/bin/../lib/gcc/arm-atollic-eabi/6.3.1/../../../../arm-atollic-eabi/lib/armv7e-m/fpu\libc_nano.a(lib_a-nano-mallocr.o)
                0x20000200                __malloc_sbrk_start
 .bss.heap_end.5239
                0x20000204        0x4 c:/program files (x86)/atollic/truestudio for stm32 9.0.1/armtools/bin/../lib/gcc/arm-atollic-eabi/6.3.1/../../../../arm-atollic-eabi/lib/armv7e-m/fpu\libnosys.a(sbrk.o)
 *(COMMON)
 COMMON         0x20000208        0x4 Drivers\STM32F4xx_HAL_Driver\Src\stm32f4xx_hal.o
                0x20000208                uwTick
 COMMON         0x2000020c     0x206d Src\fatfs.o
                0x2000020c                USBHPath
                0x20000210                USBHFile
                0x20001240                USBHFatFS
                0x20002278                retUSBH
 *fill*         0x20002279        0x3 
 COMMON         0x2000227c       0x54 Src\i2c.o
                0x2000227c                hi2c1
 COMMON         0x200022d0     0x206c Src\main.o
                0x200022d0                myFile
                0x20003300                myBytes
                0x20003304                myFatFS
 COMMON         0x2000433c       0x58 Src\spi.o
                0x2000433c                hspi1
 COMMON         0x20004394      0x134 Src\stm32f4_discovery_audio.o
                0x20004394                PDM_FilterConfig
                0x200043a0                PDM_FilterHandler
                0x20004438                hAudioOutI2s
                0x20004480                hAudioInI2s
 COMMON         0x200044c8      0x3c8 Src\usb_host.o
                0x200044c8                hUsbHostFS
 COMMON         0x20004890      0x298 Src\usbh_conf.o
                0x20004890                hhcd_USB_OTG_FS
 COMMON         0x20004b28     0x2068 Src\waveplayer.o
                0x20004b28                Audio_Buffer
                0x20005b28                Directory
                0x20005b5c                LEDsState
                0x20005b60                FileRead
 COMMON         0x20006b90        0x4 c:/program files (x86)/atollic/truestudio for stm32 9.0.1/armtools/bin/../lib/gcc/arm-atollic-eabi/6.3.1/../../../../arm-atollic-eabi/lib/armv7e-m/fpu\libc_nano.a(lib_a-reent.o)
                0x20006b90                errno
                0x20006b94                . = ALIGN (0x4)
                0x20006b94                _ebss = .
                0x20006b94                __bss_end__ = _ebss

._user_heap_stack
                0x20006b94     0x6000
                0x20006b94                . = ALIGN (0x4)
                0x20006b94                PROVIDE (end, .)
                [!provide]                PROVIDE (_end, .)
                0x20008b94                . = (. + _Min_Heap_Size)
 *fill*         0x20006b94     0x2000 
                0x2000cb94                . = (. + _Min_Stack_Size)
 *fill*         0x20008b94     0x4000 
                0x2000cb94                . = ALIGN (0x4)

/DISCARD/
 libc.a(*)
 libm.a(*)
 libgcc.a(*)

.ARM.attributes
                0x00000000       0x30
 *(.ARM.attributes)
 .ARM.attributes
                0x00000000       0x22 c:/program files (x86)/atollic/truestudio for stm32 9.0.1/armtools/bin/../lib/gcc/arm-atollic-eabi/6.3.1/armv7e-m/fpu/crti.o
 .ARM.attributes
                0x00000022       0x34 c:/program files (x86)/atollic/truestudio for stm32 9.0.1/armtools/bin/../lib/gcc/arm-atollic-eabi/6.3.1/armv7e-m/fpu/crtbegin.o
 .ARM.attributes
                0x00000056       0x39 Drivers\STM32F4xx_HAL_Driver\Src\stm32f4xx_hal.o
 .ARM.attributes
                0x0000008f       0x39 Drivers\STM32F4xx_HAL_Driver\Src\stm32f4xx_hal_cortex.o
 .ARM.attributes
                0x000000c8       0x39 Drivers\STM32F4xx_HAL_Driver\Src\stm32f4xx_hal_dma.o
 .ARM.attributes
                0x00000101       0x39 Drivers\STM32F4xx_HAL_Driver\Src\stm32f4xx_hal_gpio.o
 .ARM.attributes
                0x0000013a       0x39 Drivers\STM32F4xx_HAL_Driver\Src\stm32f4xx_hal_hcd.o
 .ARM.attributes
                0x00000173       0x39 Drivers\STM32F4xx_HAL_Driver\Src\stm32f4xx_hal_i2c.o
 .ARM.attributes
                0x000001ac       0x39 Drivers\STM32F4xx_HAL_Driver\Src\stm32f4xx_hal_i2s.o
 .ARM.attributes
                0x000001e5       0x39 Drivers\STM32F4xx_HAL_Driver\Src\stm32f4xx_hal_i2s_ex.o
 .ARM.attributes
                0x0000021e       0x39 Drivers\STM32F4xx_HAL_Driver\Src\stm32f4xx_hal_rcc.o
 .ARM.attributes
                0x00000257       0x39 Drivers\STM32F4xx_HAL_Driver\Src\stm32f4xx_hal_rcc_ex.o
 .ARM.attributes
                0x00000290       0x39 Drivers\STM32F4xx_HAL_Driver\Src\stm32f4xx_hal_spi.o
 .ARM.attributes
                0x000002c9       0x39 Drivers\STM32F4xx_HAL_Driver\Src\stm32f4xx_ll_usb.o
 .ARM.attributes
                0x00000302       0x39 Middlewares\ST\STM32_USB_Host_Library\Class\MSC\Src\usbh_msc.o
 .ARM.attributes
                0x0000033b       0x39 Middlewares\ST\STM32_USB_Host_Library\Class\MSC\Src\usbh_msc_bot.o
 .ARM.attributes
                0x00000374       0x39 Middlewares\ST\STM32_USB_Host_Library\Class\MSC\Src\usbh_msc_scsi.o
 .ARM.attributes
                0x000003ad       0x39 Middlewares\ST\STM32_USB_Host_Library\Core\Src\usbh_core.o
 .ARM.attributes
                0x000003e6       0x39 Middlewares\ST\STM32_USB_Host_Library\Core\Src\usbh_ctlreq.o
 .ARM.attributes
                0x0000041f       0x39 Middlewares\ST\STM32_USB_Host_Library\Core\Src\usbh_ioreq.o
 .ARM.attributes
                0x00000458       0x39 Middlewares\ST\STM32_USB_Host_Library\Core\Src\usbh_pipes.o
 .ARM.attributes
                0x00000491       0x39 Middlewares\Third_Party\FatFs\src\diskio.o
 .ARM.attributes
                0x000004ca       0x39 Middlewares\Third_Party\FatFs\src\ff.o
 .ARM.attributes
                0x00000503       0x39 Middlewares\Third_Party\FatFs\src\ff_gen_drv.o
 .ARM.attributes
                0x0000053c       0x39 Middlewares\Third_Party\FatFs\src\option\ccsbcs.o
 .ARM.attributes
                0x00000575       0x39 Middlewares\Third_Party\FatFs\src\option\syscall.o
 .ARM.attributes
                0x000005ae       0x39 Src\cs43l22.o
 .ARM.attributes
                0x000005e7       0x39 Src\dma.o
 .ARM.attributes
                0x00000620       0x39 Src\fatfs.o
 .ARM.attributes
                0x00000659       0x39 Src\gpio.o
 .ARM.attributes
                0x00000692       0x39 Src\i2c.o
 .ARM.attributes
                0x000006cb       0x39 Src\main.o
 .ARM.attributes
                0x00000704       0x39 Src\spi.o
 .ARM.attributes
                0x0000073d       0x39 Src\stm32f4_discovery.o
 .ARM.attributes
                0x00000776       0x39 Src\stm32f4_discovery_audio.o
 .ARM.attributes
                0x000007af       0x39 Src\stm32f4xx_hal_msp.o
 .ARM.attributes
                0x000007e8       0x39 Src\stm32f4xx_it.o
 .ARM.attributes
                0x00000821       0x39 Src\system_stm32f4xx.o
 .ARM.attributes
                0x0000085a       0x39 Src\usb_host.o
 .ARM.attributes
                0x00000893       0x39 Src\usbh_conf.o
 .ARM.attributes
                0x000008cc       0x39 Src\usbh_diskio.o
 .ARM.attributes
                0x00000905       0x39 Src\usbh_platform.o
 .ARM.attributes
                0x0000093e       0x39 Src\waveplayer.o
 .ARM.attributes
                0x00000977       0x21 startup\startup_stm32f407xx.o
 .ARM.attributes
                0x00000998       0x34 c:/program files (x86)/atollic/truestudio for stm32 9.0.1/armtools/bin/../lib/gcc/arm-atollic-eabi/6.3.1/../../../../arm-atollic-eabi/lib/armv7e-m/fpu\libc_nano.a(lib_a-init.o)
 .ARM.attributes
                0x000009cc       0x34 c:/program files (x86)/atollic/truestudio for stm32 9.0.1/armtools/bin/../lib/gcc/arm-atollic-eabi/6.3.1/../../../../arm-atollic-eabi/lib/armv7e-m/fpu\libc_nano.a(lib_a-malloc.o)
 .ARM.attributes
                0x00000a00       0x34 c:/program files (x86)/atollic/truestudio for stm32 9.0.1/armtools/bin/../lib/gcc/arm-atollic-eabi/6.3.1/../../../../arm-atollic-eabi/lib/armv7e-m/fpu\libc_nano.a(lib_a-memcpy-stub.o)
 .ARM.attributes
                0x00000a34       0x34 c:/program files (x86)/atollic/truestudio for stm32 9.0.1/armtools/bin/../lib/gcc/arm-atollic-eabi/6.3.1/../../../../arm-atollic-eabi/lib/armv7e-m/fpu\libc_nano.a(lib_a-memset.o)
 .ARM.attributes
                0x00000a68       0x34 c:/program files (x86)/atollic/truestudio for stm32 9.0.1/armtools/bin/../lib/gcc/arm-atollic-eabi/6.3.1/../../../../arm-atollic-eabi/lib/armv7e-m/fpu\libc_nano.a(lib_a-nano-freer.o)
 .ARM.attributes
                0x00000a9c       0x34 c:/program files (x86)/atollic/truestudio for stm32 9.0.1/armtools/bin/../lib/gcc/arm-atollic-eabi/6.3.1/../../../../arm-atollic-eabi/lib/armv7e-m/fpu\libc_nano.a(lib_a-nano-mallocr.o)
 .ARM.attributes
                0x00000ad0       0x34 c:/program files (x86)/atollic/truestudio for stm32 9.0.1/armtools/bin/../lib/gcc/arm-atollic-eabi/6.3.1/../../../../arm-atollic-eabi/lib/armv7e-m/fpu\libc_nano.a(lib_a-sbrkr.o)
 .ARM.attributes
                0x00000b04       0x34 c:/program files (x86)/atollic/truestudio for stm32 9.0.1/armtools/bin/../lib/gcc/arm-atollic-eabi/6.3.1/../../../../arm-atollic-eabi/lib/armv7e-m/fpu\libc_nano.a(lib_a-impure.o)
 .ARM.attributes
                0x00000b38       0x34 c:/program files (x86)/atollic/truestudio for stm32 9.0.1/armtools/bin/../lib/gcc/arm-atollic-eabi/6.3.1/../../../../arm-atollic-eabi/lib/armv7e-m/fpu\libc_nano.a(lib_a-mlock.o)
 .ARM.attributes
                0x00000b6c       0x34 c:/program files (x86)/atollic/truestudio for stm32 9.0.1/armtools/bin/../lib/gcc/arm-atollic-eabi/6.3.1/../../../../arm-atollic-eabi/lib/armv7e-m/fpu\libc_nano.a(lib_a-reent.o)
 .ARM.attributes
                0x00000ba0       0x22 c:/program files (x86)/atollic/truestudio for stm32 9.0.1/armtools/bin/../lib/gcc/arm-atollic-eabi/6.3.1/armv7e-m/fpu\libgcc.a(_aeabi_uldivmod.o)
 .ARM.attributes
                0x00000bc2       0x34 c:/program files (x86)/atollic/truestudio for stm32 9.0.1/armtools/bin/../lib/gcc/arm-atollic-eabi/6.3.1/armv7e-m/fpu\libgcc.a(_udivmoddi4.o)
 .ARM.attributes
                0x00000bf6       0x22 c:/program files (x86)/atollic/truestudio for stm32 9.0.1/armtools/bin/../lib/gcc/arm-atollic-eabi/6.3.1/armv7e-m/fpu\libgcc.a(_dvmd_tls.o)
 .ARM.attributes
                0x00000c18       0x34 c:/program files (x86)/atollic/truestudio for stm32 9.0.1/armtools/bin/../lib/gcc/arm-atollic-eabi/6.3.1/../../../../arm-atollic-eabi/lib/armv7e-m/fpu\libnosys.a(sbrk.o)
 .ARM.attributes
                0x00000c4c       0x22 c:/program files (x86)/atollic/truestudio for stm32 9.0.1/armtools/bin/../lib/gcc/arm-atollic-eabi/6.3.1/armv7e-m/fpu/crtn.o
OUTPUT(CubeMX426_Wav_Player.elf elf32-littlearm)

.debug_info     0x00000000    0x379e2
 .debug_info    0x00000000     0x111e Drivers\STM32F4xx_HAL_Driver\Src\stm32f4xx_hal.o
 .debug_info    0x0000111e     0x15e2 Drivers\STM32F4xx_HAL_Driver\Src\stm32f4xx_hal_cortex.o
 .debug_info    0x00002700     0x1123 Drivers\STM32F4xx_HAL_Driver\Src\stm32f4xx_hal_dma.o
 .debug_info    0x00003823      0xf76 Drivers\STM32F4xx_HAL_Driver\Src\stm32f4xx_hal_gpio.o
 .debug_info    0x00004799     0x1513 Drivers\STM32F4xx_HAL_Driver\Src\stm32f4xx_hal_hcd.o
 .debug_info    0x00005cac     0x2884 Drivers\STM32F4xx_HAL_Driver\Src\stm32f4xx_hal_i2c.o
 .debug_info    0x00008530     0x159d Drivers\STM32F4xx_HAL_Driver\Src\stm32f4xx_hal_i2s.o
 .debug_info    0x00009acd     0x1295 Drivers\STM32F4xx_HAL_Driver\Src\stm32f4xx_hal_i2s_ex.o
 .debug_info    0x0000ad62     0x10b6 Drivers\STM32F4xx_HAL_Driver\Src\stm32f4xx_hal_rcc.o
 .debug_info    0x0000be18      0xd6e Drivers\STM32F4xx_HAL_Driver\Src\stm32f4xx_hal_rcc_ex.o
 .debug_info    0x0000cb86     0x1cf9 Drivers\STM32F4xx_HAL_Driver\Src\stm32f4xx_hal_spi.o
 .debug_info    0x0000e87f     0x1c82 Drivers\STM32F4xx_HAL_Driver\Src\stm32f4xx_ll_usb.o
 .debug_info    0x00010501     0x1a6b Middlewares\ST\STM32_USB_Host_Library\Class\MSC\Src\usbh_msc.o
 .debug_info    0x00011f6c     0x188a Middlewares\ST\STM32_USB_Host_Library\Class\MSC\Src\usbh_msc_bot.o
 .debug_info    0x000137f6     0x18e8 Middlewares\ST\STM32_USB_Host_Library\Class\MSC\Src\usbh_msc_scsi.o
 .debug_info    0x000150de     0x1590 Middlewares\ST\STM32_USB_Host_Library\Core\Src\usbh_core.o
 .debug_info    0x0001666e     0x16a3 Middlewares\ST\STM32_USB_Host_Library\Core\Src\usbh_ctlreq.o
 .debug_info    0x00017d11     0x1430 Middlewares\ST\STM32_USB_Host_Library\Core\Src\usbh_ioreq.o
 .debug_info    0x00019141     0x1273 Middlewares\ST\STM32_USB_Host_Library\Core\Src\usbh_pipes.o
 .debug_info    0x0001a3b4     0x1456 Middlewares\Third_Party\FatFs\src\diskio.o
 .debug_info    0x0001b80a     0x3600 Middlewares\Third_Party\FatFs\src\ff.o
 .debug_info    0x0001ee0a     0x13ee Middlewares\Third_Party\FatFs\src\ff_gen_drv.o
 .debug_info    0x000201f8     0x1247 Middlewares\Third_Party\FatFs\src\option\ccsbcs.o
 .debug_info    0x0002143f     0x1161 Middlewares\Third_Party\FatFs\src\option\syscall.o
 .debug_info    0x000225a0      0x58e Src\cs43l22.o
 .debug_info    0x00022b2e      0xd2c Src\dma.o
 .debug_info    0x0002385a     0x152e Src\fatfs.o
 .debug_info    0x00024d88      0xee5 Src\gpio.o
 .debug_info    0x00025c6d     0x1179 Src\i2c.o
 .debug_info    0x00026de6     0x2616 Src\main.o
 .debug_info    0x000293fc     0x1152 Src\spi.o
 .debug_info    0x0002a54e     0x1c60 Src\stm32f4_discovery.o
 .debug_info    0x0002c1ae     0x1e23 Src\stm32f4_discovery_audio.o
 .debug_info    0x0002dfd1      0xd48 Src\stm32f4xx_hal_msp.o
 .debug_info    0x0002ed19     0x1276 Src\stm32f4xx_it.o
 .debug_info    0x0002ff8f      0xd17 Src\system_stm32f4xx.o
 .debug_info    0x00030ca6     0x11c5 Src\usb_host.o
 .debug_info    0x00031e6b     0x20a3 Src\usbh_conf.o
 .debug_info    0x00033f0e     0x15f8 Src\usbh_diskio.o
 .debug_info    0x00035506      0xa3c Src\usbh_platform.o
 .debug_info    0x00035f42     0x1a16 Src\waveplayer.o
 .debug_info    0x00037958       0x8a startup\startup_stm32f407xx.o

.debug_abbrev   0x00000000     0x669b
 .debug_abbrev  0x00000000      0x280 Drivers\STM32F4xx_HAL_Driver\Src\stm32f4xx_hal.o
 .debug_abbrev  0x00000280      0x371 Drivers\STM32F4xx_HAL_Driver\Src\stm32f4xx_hal_cortex.o
 .debug_abbrev  0x000005f1      0x286 Drivers\STM32F4xx_HAL_Driver\Src\stm32f4xx_hal_dma.o
 .debug_abbrev  0x00000877      0x24c Drivers\STM32F4xx_HAL_Driver\Src\stm32f4xx_hal_gpio.o
 .debug_abbrev  0x00000ac3      0x2c2 Drivers\STM32F4xx_HAL_Driver\Src\stm32f4xx_hal_hcd.o
 .debug_abbrev  0x00000d85      0x2a1 Drivers\STM32F4xx_HAL_Driver\Src\stm32f4xx_hal_i2c.o
 .debug_abbrev  0x00001026      0x2b4 Drivers\STM32F4xx_HAL_Driver\Src\stm32f4xx_hal_i2s.o
 .debug_abbrev  0x000012da      0x289 Drivers\STM32F4xx_HAL_Driver\Src\stm32f4xx_hal_i2s_ex.o
 .debug_abbrev  0x00001563      0x2c8 Drivers\STM32F4xx_HAL_Driver\Src\stm32f4xx_hal_rcc.o
 .debug_abbrev  0x0000182b      0x221 Drivers\STM32F4xx_HAL_Driver\Src\stm32f4xx_hal_rcc_ex.o
 .debug_abbrev  0x00001a4c      0x2ac Drivers\STM32F4xx_HAL_Driver\Src\stm32f4xx_hal_spi.o
 .debug_abbrev  0x00001cf8      0x2c8 Drivers\STM32F4xx_HAL_Driver\Src\stm32f4xx_ll_usb.o
 .debug_abbrev  0x00001fc0      0x307 Middlewares\ST\STM32_USB_Host_Library\Class\MSC\Src\usbh_msc.o
 .debug_abbrev  0x000022c7      0x2c8 Middlewares\ST\STM32_USB_Host_Library\Class\MSC\Src\usbh_msc_bot.o
 .debug_abbrev  0x0000258f      0x2ae Middlewares\ST\STM32_USB_Host_Library\Class\MSC\Src\usbh_msc_scsi.o
 .debug_abbrev  0x0000283d      0x34c Middlewares\ST\STM32_USB_Host_Library\Core\Src\usbh_core.o
 .debug_abbrev  0x00002b89      0x305 Middlewares\ST\STM32_USB_Host_Library\Core\Src\usbh_ctlreq.o
 .debug_abbrev  0x00002e8e      0x263 Middlewares\ST\STM32_USB_Host_Library\Core\Src\usbh_ioreq.o
 .debug_abbrev  0x000030f1      0x29b Middlewares\ST\STM32_USB_Host_Library\Core\Src\usbh_pipes.o
 .debug_abbrev  0x0000338c      0x28e Middlewares\Third_Party\FatFs\src\diskio.o
 .debug_abbrev  0x0000361a      0x307 Middlewares\Third_Party\FatFs\src\ff.o
 .debug_abbrev  0x00003921      0x2bb Middlewares\Third_Party\FatFs\src\ff_gen_drv.o
 .debug_abbrev  0x00003bdc      0x265 Middlewares\Third_Party\FatFs\src\option\ccsbcs.o
 .debug_abbrev  0x00003e41      0x236 Middlewares\Third_Party\FatFs\src\option\syscall.o
 .debug_abbrev  0x00004077      0x196 Src\cs43l22.o
 .debug_abbrev  0x0000420d      0x1be Src\dma.o
 .debug_abbrev  0x000043cb      0x25b Src\fatfs.o
 .debug_abbrev  0x00004626      0x1c9 Src\gpio.o
 .debug_abbrev  0x000047ef      0x1eb Src\i2c.o
 .debug_abbrev  0x000049da      0x2ce Src\main.o
 .debug_abbrev  0x00004ca8      0x1eb Src\spi.o
 .debug_abbrev  0x00004e93      0x2d7 Src\stm32f4_discovery.o
 .debug_abbrev  0x0000516a      0x2f9 Src\stm32f4_discovery_audio.o
 .debug_abbrev  0x00005463      0x1c9 Src\stm32f4xx_hal_msp.o
 .debug_abbrev  0x0000562c      0x1c6 Src\stm32f4xx_it.o
 .debug_abbrev  0x000057f2      0x1ca Src\system_stm32f4xx.o
 .debug_abbrev  0x000059bc      0x261 Src\usb_host.o
 .debug_abbrev  0x00005c1d      0x337 Src\usbh_conf.o
 .debug_abbrev  0x00005f54      0x281 Src\usbh_diskio.o
 .debug_abbrev  0x000061d5      0x1bb Src\usbh_platform.o
 .debug_abbrev  0x00006390      0x2f9 Src\waveplayer.o
 .debug_abbrev  0x00006689       0x12 startup\startup_stm32f407xx.o

.debug_aranges  0x00000000     0x1798
 .debug_aranges
                0x00000000       0xe0 Drivers\STM32F4xx_HAL_Driver\Src\stm32f4xx_hal.o
 .debug_aranges
                0x000000e0      0x118 Drivers\STM32F4xx_HAL_Driver\Src\stm32f4xx_hal_cortex.o
 .debug_aranges
                0x000001f8       0x90 Drivers\STM32F4xx_HAL_Driver\Src\stm32f4xx_hal_dma.o
 .debug_aranges
                0x00000288       0x58 Drivers\STM32F4xx_HAL_Driver\Src\stm32f4xx_hal_gpio.o
 .debug_aranges
                0x000002e0       0xe0 Drivers\STM32F4xx_HAL_Driver\Src\stm32f4xx_hal_hcd.o
 .debug_aranges
                0x000003c0      0x268 Drivers\STM32F4xx_HAL_Driver\Src\stm32f4xx_hal_i2c.o
 .debug_aranges
                0x00000628      0x108 Drivers\STM32F4xx_HAL_Driver\Src\stm32f4xx_hal_i2s.o
 .debug_aranges
                0x00000730       0x78 Drivers\STM32F4xx_HAL_Driver\Src\stm32f4xx_hal_i2s_ex.o
 .debug_aranges
                0x000007a8       0x88 Drivers\STM32F4xx_HAL_Driver\Src\stm32f4xx_hal_rcc.o
 .debug_aranges
                0x00000830       0x48 Drivers\STM32F4xx_HAL_Driver\Src\stm32f4xx_hal_rcc_ex.o
 .debug_aranges
                0x00000878      0x1c8 Drivers\STM32F4xx_HAL_Driver\Src\stm32f4xx_hal_spi.o
 .debug_aranges
                0x00000a40      0x180 Drivers\STM32F4xx_HAL_Driver\Src\stm32f4xx_ll_usb.o
 .debug_aranges
                0x00000bc0       0x78 Middlewares\ST\STM32_USB_Host_Library\Class\MSC\Src\usbh_msc.o
 .debug_aranges
                0x00000c38       0x48 Middlewares\ST\STM32_USB_Host_Library\Class\MSC\Src\usbh_msc_bot.o
 .debug_aranges
                0x00000c80       0x48 Middlewares\ST\STM32_USB_Host_Library\Class\MSC\Src\usbh_msc_scsi.o
 .debug_aranges
                0x00000cc8       0xa8 Middlewares\ST\STM32_USB_Host_Library\Core\Src\usbh_core.o
 .debug_aranges
                0x00000d70       0x98 Middlewares\ST\STM32_USB_Host_Library\Core\Src\usbh_ctlreq.o
 .debug_aranges
                0x00000e08       0x60 Middlewares\ST\STM32_USB_Host_Library\Core\Src\usbh_ioreq.o
 .debug_aranges
                0x00000e68       0x40 Middlewares\ST\STM32_USB_Host_Library\Core\Src\usbh_pipes.o
 .debug_aranges
                0x00000ea8       0x48 Middlewares\Third_Party\FatFs\src\diskio.o
 .debug_aranges
                0x00000ef0      0x230 Middlewares\Third_Party\FatFs\src\ff.o
 .debug_aranges
                0x00001120       0x40 Middlewares\Third_Party\FatFs\src\ff_gen_drv.o
 .debug_aranges
                0x00001160       0x28 Middlewares\Third_Party\FatFs\src\option\ccsbcs.o
 .debug_aranges
                0x00001188       0x28 Middlewares\Third_Party\FatFs\src\option\syscall.o
 .debug_aranges
                0x000011b0       0x80 Src\cs43l22.o
 .debug_aranges
                0x00001230       0x20 Src\dma.o
 .debug_aranges
                0x00001250       0x28 Src\fatfs.o
 .debug_aranges
                0x00001278       0x20 Src\gpio.o
 .debug_aranges
                0x00001298       0x30 Src\i2c.o
 .debug_aranges
                0x000012c8       0x38 Src\main.o
 .debug_aranges
                0x00001300       0x30 Src\spi.o
 .debug_aranges
                0x00001330       0xd8 Src\stm32f4_discovery.o
 .debug_aranges
                0x00001408      0x140 Src\stm32f4_discovery_audio.o
 .debug_aranges
                0x00001548       0x20 Src\stm32f4xx_hal_msp.o
 .debug_aranges
                0x00001568       0x38 Src\stm32f4xx_it.o
 .debug_aranges
                0x000015a0       0x28 Src\system_stm32f4xx.o
 .debug_aranges
                0x000015c8       0x30 Src\usb_host.o
 .debug_aranges
                0x000015f8       0xc0 Src\usbh_conf.o
 .debug_aranges
                0x000016b8       0x40 Src\usbh_diskio.o
 .debug_aranges
                0x000016f8       0x20 Src\usbh_platform.o
 .debug_aranges
                0x00001718       0x58 Src\waveplayer.o
 .debug_aranges
                0x00001770       0x28 startup\startup_stm32f407xx.o

.debug_ranges   0x00000000     0x1500
 .debug_ranges  0x00000000       0xd0 Drivers\STM32F4xx_HAL_Driver\Src\stm32f4xx_hal.o
 .debug_ranges  0x000000d0      0x108 Drivers\STM32F4xx_HAL_Driver\Src\stm32f4xx_hal_cortex.o
 .debug_ranges  0x000001d8       0x80 Drivers\STM32F4xx_HAL_Driver\Src\stm32f4xx_hal_dma.o
 .debug_ranges  0x00000258       0x48 Drivers\STM32F4xx_HAL_Driver\Src\stm32f4xx_hal_gpio.o
 .debug_ranges  0x000002a0       0xd0 Drivers\STM32F4xx_HAL_Driver\Src\stm32f4xx_hal_hcd.o
 .debug_ranges  0x00000370      0x258 Drivers\STM32F4xx_HAL_Driver\Src\stm32f4xx_hal_i2c.o
 .debug_ranges  0x000005c8       0xf8 Drivers\STM32F4xx_HAL_Driver\Src\stm32f4xx_hal_i2s.o
 .debug_ranges  0x000006c0       0x68 Drivers\STM32F4xx_HAL_Driver\Src\stm32f4xx_hal_i2s_ex.o
 .debug_ranges  0x00000728       0x78 Drivers\STM32F4xx_HAL_Driver\Src\stm32f4xx_hal_rcc.o
 .debug_ranges  0x000007a0       0x38 Drivers\STM32F4xx_HAL_Driver\Src\stm32f4xx_hal_rcc_ex.o