stm32f4_discovery_audio.c:214:9:BSP_AUDIO_OUT_Init	32	static
stm32f4_discovery_audio.c:266:9:BSP_AUDIO_OUT_Play	16	static
stm32f4_discovery_audio.c:290:9:BSP_AUDIO_OUT_Stop	16	static
stm32f4_discovery_audio.c:321:6:BSP_AUDIO_OUT_ChangeBuffer	16	static
stm32f4_discovery_audio.c:334:9:BSP_AUDIO_OUT_Pause	8	static
stm32f4_discovery_audio.c:358:9:BSP_AUDIO_OUT_Resume	8	static
stm32f4_discovery_audio.c:383:9:BSP_AUDIO_OUT_SetVolume	16	static
stm32f4_discovery_audio.c:403:9:BSP_AUDIO_OUT_SetMute	16	static
stm32f4_discovery_audio.c:425:9:BSP_AUDIO_OUT_SetOutputMode	16	static
stm32f4_discovery_audio.c:445:6:BSP_AUDIO_OUT_SetFrequency	16	static
stm32f4_discovery_audio.c:458:6:HAL_I2S_TxCpltCallback	16	static
stm32f4_discovery_audio.c:471:6:HAL_I2S_TxHalfCpltCallback	16	static
stm32f4_discovery_audio.c:489:13:BSP_AUDIO_OUT_ClockConfig	48	static
stm32f4_discovery_audio.c:531:13:BSP_AUDIO_OUT_MspInit	56	static
stm32f4_discovery_audio.c:601:13:BSP_AUDIO_OUT_MspDeInit	40	static
stm32f4_discovery_audio.c:639:13:BSP_AUDIO_OUT_TransferComplete_CallBack	4	static
stm32f4_discovery_audio.c:646:13:BSP_AUDIO_OUT_HalfTransfer_CallBack	4	static
stm32f4_discovery_audio.c:653:13:BSP_AUDIO_OUT_Error_CallBack	4	static
stm32f4_discovery_audio.c:665:16:I2S3_Init	16	static
stm32f4_discovery_audio.c:707:9:BSP_AUDIO_IN_Init	24	static
stm32f4_discovery_audio.c:739:9:BSP_AUDIO_IN_Record	24	static
stm32f4_discovery_audio.c:756:9:BSP_AUDIO_IN_Stop	16	static
stm32f4_discovery_audio.c:773:9:BSP_AUDIO_IN_Pause	8	static
stm32f4_discovery_audio.c:786:9:BSP_AUDIO_IN_Resume	8	static
stm32f4_discovery_audio.c:801:9:BSP_AUDIO_IN_SetVolume	16	static
stm32f4_discovery_audio.c:816:9:BSP_AUDIO_IN_PDMToPCM	152	static
stm32f4_discovery_audio.c:846:6:HAL_I2S_RxCpltCallback	16	static
stm32f4_discovery_audio.c:856:6:HAL_I2S_RxHalfCpltCallback	16	static
stm32f4_discovery_audio.c:871:13:BSP_AUDIO_IN_ClockConfig	40	static
stm32f4_discovery_audio.c:905:13:BSP_AUDIO_IN_MspInit	56	static
stm32f4_discovery_audio.c:971:13:BSP_AUDIO_IN_MspDeInit	40	static
stm32f4_discovery_audio.c:1003:13:BSP_AUDIO_IN_TransferComplete_CallBack	4	static
stm32f4_discovery_audio.c:1013:13:BSP_AUDIO_IN_HalfTransfer_CallBack	4	static
stm32f4_discovery_audio.c:1023:13:BSP_AUDIO_IN_Error_Callback	4	static
stm32f4_discovery_audio.c:1040:13:PDMDecoder_Init	32	static
stm32f4_discovery_audio.c:1072:16:I2S2_Init	16	static
stm32f4_discovery_audio.c:1112:6:HAL_I2S_ErrorCallback	16	static
